[{{2026,6,23},{1,37,27}}] --- COORDINATOR STARTED on port 4200 --- 

[{{2026,6,23},{1,37,28}}] JOB "all_jobs_cancelled" connection_closed

[{{2026,6,23},{1,49,47}}] --- COORDINATOR STARTED on port 4200 --- 

[{{2026,6,23},{1,57,21}}] --- COORDINATOR STARTED on port 4200 --- 

[{{2026,6,23},{1,57,37}}] JOB "all_jobs_cancelled" connection_closed

[{{2026,6,23},{2,1,1}}] --- COORDINATOR STARTED on port 4200 --- 

[{{2026,6,23},{2,17,28}}] --- COORDINATOR STARTED on port 4200 --- 

[{{2026,6,23},{2,17,32}}] JOB "all_jobs_cancelled" connection_closed

[{{2026,6,23},{2,39,5}}] --- COORDINATOR STARTED on port 4200 --- 

[{{2026,6,23},{2,39,36}}] JOB "all_jobs_cancelled" connection_closed

[{{2026,6,23},{2,47,48}}] --- COORDINATOR STARTED on port 4200 --- 

[{{2026,6,23},{2,48,14}}] JOB "all_jobs_cancelled" connection_closed

[{{2026,6,23},{2,49,35}}] --- COORDINATOR STARTED on port 4200 --- 

[{{2026,6,23},{2,51,32}}] JOB "all_jobs_cancelled" connection_closed

[{{2026,6,23},{2,59,3}}] --- COORDINATOR STARTED on port 4200 --- 

[{{2026,6,23},{2,59,3}}] JOB "all_jobs_cancelled" connection_closed

[{{2026,6,23},{3,14,44}}] --- COORDINATOR STARTED on port 4200 --- 

[{{2026,6,23},{3,14,44}}] JOB 1001 granted

[{{2026,6,23},{3,15,1}}] JOB "all_jobs_cancelled" connection_closed

[{{2026,6,23},{3,38,18}}] --- COORDINATOR STARTED on port 4200 --- 

[{{2026,6,23},{3,38,18}}] JOB 1001 granted

[{{2026,6,23},{3,38,33}}] JOB 1002 granted

[{{2026,6,23},{3,39,24}}] JOB 1003 timeout

[{{2026,6,23},{3,39,37}}] JOB 1003 granted

[{{2026,6,23},{3,39,37}}] JOB 1004 granted

[{{2026,6,23},{3,39,56}}] JOB 1004 timeout

[{{2026,6,23},{3,59,49}}] --- COORDINATOR STARTED on port 4200 --- 

[{{2026,6,23},{3,59,49}}] JOB 1001 granted

[{{2026,6,23},{4,0,6}}] JOB 1002 granted

[{{2026,6,23},{4,0,26}}] JOB 1003 granted

[{{2026,6,23},{4,0,41}}] JOB "all_jobs_cancelled" connection_closed

[{{2026,6,23},{4,27,12}}] --- COORDINATOR STARTED on port 4200 --- 

[{{2026,6,23},{4,27,12}}] JOB 1001 granted

[{{2026,6,23},{4,27,29}}] JOB 1002 granted

[{{2026,6,23},{4,27,35}}] JOB "all_jobs_cancelled" connection_closed

[{{2026,6,23},{4,34,43}}] --- COORDINATOR STARTED on port 4200 --- 

[{{2026,6,23},{4,34,43}}] JOB 1001 granted

[{{2026,6,23},{4,34,58}}] JOB 1002 granted

[{{2026,6,23},{4,35,13}}] JOB 1003 granted

[{{2026,6,23},{4,35,30}}] JOB 1004 granted

[{{2026,6,23},{4,35,44}}] JOB 1005 granted

[{{2026,6,23},{4,36,1}}] JOB 1006 granted

[{{2026,6,23},{4,36,16}}] JOB 1007 granted

[{{2026,6,23},{4,36,33}}] JOB 1008 granted

[{{2026,6,23},{4,36,48}}] JOB 1009 granted

[{{2026,6,23},{4,37,2}}] JOB "all_jobs_cancelled" connection_closed

[{{2026,6,23},{5,10,5}}] --- COORDINATOR STARTED on port 4200 --- 

[{{2026,6,23},{5,12,19}}] --- COORDINATOR STARTED on port 4200 --- 

[{{2026,6,23},{5,12,19}}] JOB 1001 granted

[{{2026,6,23},{5,12,36}}] JOB 1002 granted

[{{2026,6,23},{5,12,51}}] JOB 1003 granted

[{{2026,6,23},{5,13,8}}] JOB 1004 granted

[{{2026,6,23},{5,14,57}}] --- COORDINATOR STARTED on port 4200 --- 

[{{2026,6,23},{5,14,57}}] JOB 1001 granted

[{{2026,6,23},{5,15,2}}] JOB 1004 granted

[{{2026,6,23},{5,15,3}}] JOB 1005 granted

[{{2026,6,23},{5,15,15}}] JOB 1006 granted

[{{2026,6,23},{5,15,30}}] JOB 1002 granted

[{{2026,6,23},{5,15,30}}] JOB 1010 granted

[{{2026,6,23},{5,15,30}}] JOB 1009 granted

[{{2026,6,23},{5,15,30}}] JOB 1008 granted

[{{2026,6,23},{5,15,30}}] JOB 1007 granted

[{{2026,6,23},{5,15,33}}] JOB 1002 timeout

[{{2026,6,23},{5,15,33}}] JOB 1003 timeout

[{{2026,6,23},{5,15,34}}] JOB 1011 granted

[{{2026,6,23},{5,15,34}}] JOB 1003 granted

[{{2026,6,23},{5,15,34}}] JOB 1012 granted

[{{2026,6,23},{5,15,37}}] JOB 1015 granted

[{{2026,6,23},{5,15,38}}] JOB 1007 timeout

[{{2026,6,23},{5,15,39}}] JOB 1019 granted

[{{2026,6,23},{5,15,39}}] JOB 1018 granted

[{{2026,6,23},{5,15,39}}] JOB 1020 granted

[{{2026,6,23},{5,15,40}}] JOB 1013 granted

[{{2026,6,23},{5,15,41}}] JOB 1022 granted

[{{2026,6,23},{5,15,43}}] JOB 1010 timeout

[{{2026,6,23},{5,15,43}}] JOB 1011 timeout

[{{2026,6,23},{5,15,43}}] JOB 1023 granted

[{{2026,6,23},{5,15,45}}] JOB 1016 granted

[{{2026,6,23},{5,15,50}}] JOB 1014 timeout

[{{2026,6,23},{5,15,55}}] JOB 1016 timeout

[{{2026,6,23},{5,15,55}}] JOB 1017 timeout

[{{2026,6,23},{5,15,55}}] JOB 1021 granted

[{{2026,6,23},{5,16,0}}] JOB 1020 timeout

[{{2026,6,23},{5,37,50}}] --- COORDINATOR STARTED on port 4200 --- 

[{{2026,6,23},{5,37,50}}] JOB 1001 granted

[{{2026,6,23},{5,37,51}}] JOB 1002 granted

[{{2026,6,23},{5,37,58}}] JOB 1003 granted

[{{2026,6,23},{5,38,14}}] JOB 1012 granted

[{{2026,6,23},{5,38,14}}] JOB 1008 granted

[{{2026,6,23},{5,38,14}}] JOB 1011 granted

[{{2026,6,23},{5,38,14}}] JOB 1005 granted

[{{2026,6,23},{5,38,19}}] JOB 1013 granted

[{{2026,6,23},{5,38,28}}] JOB 1004 timeout

[{{2026,6,23},{5,38,28}}] JOB 1006 timeout

[{{2026,6,23},{5,38,28}}] JOB 1026 granted

[{{2026,6,23},{5,38,28}}] JOB 1023 granted

[{{2026,6,23},{5,38,28}}] JOB 1021 granted

[{{2026,6,23},{5,38,28}}] JOB 1010 granted

[{{2026,6,23},{5,38,28}}] JOB 1020 granted

[{{2026,6,23},{5,38,28}}] JOB 1019 granted

[{{2026,6,23},{5,38,28}}] JOB 1018 granted

[{{2026,6,23},{5,38,28}}] JOB 1022 granted

[{{2026,6,23},{5,38,28}}] JOB 1025 granted

[{{2026,6,23},{5,38,28}}] JOB 1009 granted

[{{2026,6,23},{5,38,28}}] JOB 1007 granted

[{{2026,6,23},{5,38,28}}] JOB 1015 granted

[{{2026,6,23},{5,38,38}}] JOB 1004 granted

[{{2026,6,23},{5,38,38}}] JOB 1027 granted

[{{2026,6,23},{5,38,38}}] JOB 1006 granted

[{{2026,6,23},{5,38,39}}] JOB 1014 timeout

[{{2026,6,23},{5,38,44}}] JOB 1016 timeout

[{{2026,6,23},{5,38,44}}] JOB 1017 timeout

[{{2026,6,23},{5,38,44}}] JOB 1028 granted

[{{2026,6,23},{5,38,44}}] JOB 1032 granted

[{{2026,6,23},{5,38,44}}] JOB 1031 granted

[{{2026,6,23},{5,38,44}}] JOB 1030 granted

[{{2026,6,23},{5,38,44}}] JOB 1024 granted

[{{2026,6,23},{5,38,44}}] JOB 1029 granted

[{{2026,6,23},{5,38,46}}] JOB 1034 granted

[{{2026,6,23},{5,38,46}}] JOB 1014 granted

[{{2026,6,23},{5,38,46}}] JOB 1033 granted

[{{2026,6,23},{5,38,49}}] JOB 1035 granted

[{{2026,6,23},{5,38,50}}] JOB 1016 granted

[{{2026,6,23},{5,38,51}}] JOB "all_jobs_cancelled" connection_closed

[{{2026,6,23},{6,34,20}}] --- COORDINATOR STARTED on port 4200 --- 

[{{2026,6,23},{6,34,20}}] JOB 1001 granted

[{{2026,6,23},{6,34,22}}] JOB 1002 granted

[{{2026,6,23},{6,34,23}}] JOB 1003 granted

[{{2026,6,23},{6,34,27}}] JOB 1005 granted

[{{2026,6,23},{6,34,27}}] JOB 1004 granted

[{{2026,6,23},{6,34,29}}] JOB 1007 granted

[{{2026,6,23},{6,34,34}}] JOB 1008 granted

[{{2026,6,23},{6,34,36}}] JOB 1009 granted

[{{2026,6,23},{6,34,36}}] JOB 1010 granted

[{{2026,6,23},{6,34,37}}] JOB 1006 granted

[{{2026,6,23},{6,34,39}}] JOB 1012 granted

[{{2026,6,23},{6,34,40}}] JOB 1013 granted

[{{2026,6,23},{6,34,44}}] JOB 1014 granted

[{{2026,6,23},{6,34,44}}] JOB 1015 granted

[{{2026,6,23},{6,34,48}}] JOB 1011 granted

[{{2026,6,23},{6,34,54}}] JOB 1016 granted

[{{2026,6,23},{6,34,54}}] JOB 1017 granted

[{{2026,6,23},{6,34,55}}] JOB 1021 granted

[{{2026,6,23},{6,34,55}}] JOB 1020 granted

[{{2026,6,23},{6,34,55}}] JOB 1019 granted

[{{2026,6,23},{6,34,55}}] JOB 1018 granted

[{{2026,6,23},{6,34,55}}] JOB 1023 granted

[{{2026,6,23},{6,34,57}}] JOB 1024 granted

[{{2026,6,23},{6,34,59}}] JOB 1022 granted

[{{2026,6,23},{6,34,59}}] JOB 1025 granted

[{{2026,6,23},{6,35,0}}] JOB 1026 granted

[{{2026,6,23},{6,35,1}}] JOB 1027 granted

[{{2026,6,23},{6,35,2}}] JOB 1028 granted

[{{2026,6,23},{6,35,4}}] JOB 1029 granted

[{{2026,6,23},{6,35,7}}] JOB 1030 granted

[{{2026,6,23},{6,35,9}}] JOB 1031 granted

[{{2026,6,23},{6,35,10}}] JOB 1032 granted

[{{2026,6,23},{6,35,12}}] JOB 1033 granted

[{{2026,6,23},{6,35,30}}] JOB 1036 granted

[{{2026,6,23},{6,35,30}}] JOB 1034 granted

[{{2026,6,23},{6,35,47}}] JOB 1035 timeout

[{{2026,6,23},{6,35,47}}] JOB 1039 granted

[{{2026,6,23},{6,35,47}}] JOB 1038 granted

[{{2026,6,23},{6,35,47}}] JOB 1037 granted

[{{2026,6,23},{6,35,49}}] JOB 1042 granted

[{{2026,6,23},{6,35,49}}] JOB 1040 granted

[{{2026,6,23},{6,35,49}}] JOB 1041 granted

[{{2026,6,23},{6,35,56}}] JOB 1043 granted

[{{2026,6,23},{6,35,59}}] JOB 1044 granted

[{{2026,6,23},{6,36,0}}] JOB 1045 granted

[{{2026,6,23},{6,36,1}}] JOB 1049 granted

[{{2026,6,23},{6,36,1}}] JOB 1055 granted

[{{2026,6,23},{6,36,1}}] JOB 1054 granted

[{{2026,6,23},{6,36,1}}] JOB 1053 granted

[{{2026,6,23},{6,36,1}}] JOB 1050 granted

[{{2026,6,23},{6,36,1}}] JOB 1048 granted

[{{2026,6,23},{6,36,1}}] JOB 1052 granted

[{{2026,6,23},{6,36,1}}] JOB 1051 granted

[{{2026,6,23},{6,36,1}}] JOB 1047 granted

[{{2026,6,23},{6,36,1}}] JOB 1046 granted

[{{2026,6,23},{6,36,1}}] JOB 1059 granted

[{{2026,6,23},{6,36,1}}] JOB 1058 granted

[{{2026,6,23},{6,36,2}}] JOB 1057 granted

[{{2026,6,23},{6,36,2}}] JOB 1056 granted

[{{2026,6,23},{6,36,3}}] JOB 1060 granted

[{{2026,6,23},{6,36,5}}] JOB 1063 granted

[{{2026,6,23},{6,36,10}}] JOB 1066 granted

[{{2026,6,23},{6,36,10}}] JOB 1064 granted

[{{2026,6,23},{6,36,10}}] JOB 1065 granted

[{{2026,6,23},{6,36,13}}] JOB 1067 granted

[{{2026,6,23},{6,36,19}}] JOB 1068 granted

[{{2026,6,23},{6,36,19}}] JOB 1035 timeout

[{{2026,6,23},{6,36,19}}] JOB 1071 granted

[{{2026,6,23},{6,36,19}}] JOB 1070 granted

[{{2026,6,23},{6,36,19}}] JOB 1069 granted

[{{2026,6,23},{6,36,25}}] JOB 1075 granted

[{{2026,6,23},{6,36,25}}] JOB 1074 granted

[{{2026,6,23},{6,36,25}}] JOB 1062 granted

[{{2026,6,23},{6,36,25}}] JOB 1073 granted

[{{2026,6,23},{6,36,25}}] JOB 1072 granted

[{{2026,6,23},{6,36,25}}] JOB 1061 granted

[{{2026,6,23},{6,36,32}}] JOB 1077 granted

[{{2026,6,23},{6,36,32}}] JOB 1078 granted

[{{2026,6,23},{6,36,32}}] JOB 1076 granted

[{{2026,6,23},{6,36,37}}] JOB 1081 granted

[{{2026,6,23},{6,36,37}}] JOB 1079 granted

[{{2026,6,23},{6,36,37}}] JOB 1080 granted

[{{2026,6,23},{6,36,38}}] JOB 1082 granted

[{{2026,6,23},{6,36,43}}] JOB 1083 granted

[{{2026,6,23},{6,36,50}}] JOB 1035 timeout

[{{2026,6,23},{6,36,50}}] JOB 1095 granted

[{{2026,6,23},{6,36,50}}] JOB 1094 granted

[{{2026,6,23},{6,36,50}}] JOB 1093 granted

[{{2026,6,23},{6,36,50}}] JOB 1091 granted

[{{2026,6,23},{6,36,50}}] JOB 1092 granted

[{{2026,6,23},{6,36,51}}] JOB 1090 granted

[{{2026,6,23},{6,36,51}}] JOB 1089 granted

[{{2026,6,23},{6,36,51}}] JOB 1088 granted

[{{2026,6,23},{6,36,51}}] JOB 1085 granted

[{{2026,6,23},{6,36,51}}] JOB 1087 granted

[{{2026,6,23},{6,36,51}}] JOB 1086 granted

[{{2026,6,23},{6,36,51}}] JOB 1084 granted

[{{2026,6,23},{6,36,59}}] JOB 1097 granted

[{{2026,6,23},{6,36,59}}] JOB 1096 granted

[{{2026,6,23},{6,37,1}}] JOB 1098 granted

[{{2026,6,23},{6,37,4}}] JOB 1099 granted

[{{2026,6,23},{6,37,8}}] JOB 1100 granted

[{{2026,6,23},{6,37,15}}] JOB 1101 granted

[{{2026,6,23},{6,37,25}}] JOB 1102 granted

[{{2026,6,23},{6,37,27}}] JOB 1035 timeout

[{{2026,6,23},{6,37,34}}] JOB 1103 granted

[{{2026,6,23},{6,37,43}}] JOB 1104 granted

[{{2026,6,23},{6,37,59}}] JOB 1035 timeout

[{{2026,6,23},{6,38,0}}] JOB 1105 granted

[{{2026,6,23},{6,38,15}}] JOB 1106 granted

[{{2026,6,23},{6,38,36}}] JOB 1035 timeout

[{{2026,6,23},{6,38,36}}] JOB 1107 granted

[{{2026,6,23},{6,38,37}}] JOB "all_jobs_cancelled" connection_closed

[{{2026,6,23},{7,3,11}}] --- COORDINATOR STARTED on port 4200 --- 

[{{2026,6,23},{7,3,11}}] JOB 1001 granted

[{{2026,6,23},{7,3,16}}] JOB 1004 granted

[{{2026,6,23},{7,3,20}}] JOB 1005 granted

[{{2026,6,23},{7,3,20}}] JOB 1006 granted

[{{2026,6,23},{7,3,28}}] JOB 1007 granted

[{{2026,6,23},{7,3,33}}] JOB 1010 granted

[{{2026,6,23},{7,3,33}}] JOB 1009 granted

[{{2026,6,23},{7,3,33}}] JOB 1008 granted

[{{2026,6,23},{7,3,37}}] JOB 1011 granted

[{{2026,6,23},{7,3,42}}] JOB 1012 granted

[{{2026,6,23},{7,3,46}}] JOB 1002 timeout

[{{2026,6,23},{7,3,46}}] JOB 1003 timeout

[{{2026,6,23},{7,3,55}}] JOB 1002 granted

[{{2026,6,23},{7,4,0}}] JOB 1017 granted

[{{2026,6,23},{7,4,0}}] JOB 1016 granted

[{{2026,6,23},{7,4,0}}] JOB 1015 granted

[{{2026,6,23},{7,4,0}}] JOB 1013 granted

[{{2026,6,23},{7,4,0}}] JOB 1014 granted

[{{2026,6,23},{7,4,8}}] JOB 1018 timeout

[{{2026,6,23},{7,4,12}}] JOB 1003 granted

[{{2026,6,23},{7,4,13}}] JOB 1019 timeout

[{{2026,6,23},{7,4,13}}] JOB 1020 timeout

[{{2026,6,23},{7,4,13}}] JOB 1021 timeout

[{{2026,6,23},{7,4,16}}] JOB 1021 granted

[{{2026,6,23},{7,4,16}}] JOB 1019 granted

[{{2026,6,23},{7,4,16}}] JOB 1018 granted

[{{2026,6,23},{7,4,18}}] JOB 1024 timeout

[{{2026,6,23},{7,4,18}}] JOB 1022 timeout

[{{2026,6,23},{7,4,18}}] JOB 1023 timeout

[{{2026,6,23},{7,4,23}}] JOB 1025 timeout

[{{2026,6,23},{7,4,23}}] JOB 1026 timeout

[{{2026,6,23},{7,4,23}}] JOB 1027 timeout

[{{2026,6,23},{7,4,23}}] JOB 1028 timeout

[{{2026,6,23},{7,4,28}}] JOB 1029 timeout

[{{2026,6,23},{7,4,28}}] JOB 1030 timeout

[{{2026,6,23},{7,4,28}}] JOB 1031 timeout

[{{2026,6,23},{7,4,33}}] JOB 1032 timeout

[{{2026,6,23},{7,4,33}}] JOB 1033 timeout

[{{2026,6,23},{7,4,33}}] JOB 1034 timeout

[{{2026,6,23},{7,4,38}}] JOB 1035 timeout

[{{2026,6,23},{7,4,38}}] JOB 1036 timeout

[{{2026,6,23},{7,4,38}}] JOB 1037 timeout

[{{2026,6,23},{7,4,44}}] JOB 1038 timeout

[{{2026,6,23},{7,4,44}}] JOB 1039 timeout

[{{2026,6,23},{7,4,44}}] JOB 1020 timeout

[{{2026,6,23},{7,4,49}}] JOB 1024 timeout

[{{2026,6,23},{7,4,49}}] JOB 1040 timeout

[{{2026,6,23},{7,4,49}}] JOB 1041 timeout

[{{2026,6,23},{7,4,49}}] JOB 1022 timeout

[{{2026,6,23},{7,4,54}}] JOB 1025 timeout

[{{2026,6,23},{7,4,54}}] JOB 1026 timeout

[{{2026,6,23},{7,4,54}}] JOB 1027 timeout

[{{2026,6,23},{7,4,54}}] JOB 1042 timeout

[{{2026,6,23},{7,4,54}}] JOB 1023 timeout

[{{2026,6,23},{7,4,59}}] JOB 1028 timeout

[{{2026,6,23},{7,4,59}}] JOB 1029 timeout

[{{2026,6,23},{7,4,59}}] JOB 1030 timeout

[{{2026,6,23},{7,4,59}}] JOB 1031 timeout

[{{2026,6,23},{7,4,59}}] JOB 1043 timeout

[{{2026,6,23},{7,5,4}}] JOB 1044 timeout

[{{2026,6,23},{7,5,9}}] JOB 1032 timeout

[{{2026,6,23},{7,5,9}}] JOB 1033 timeout

[{{2026,6,23},{7,5,9}}] JOB 1034 timeout

[{{2026,6,23},{7,5,9}}] JOB 1045 timeout

[{{2026,6,23},{7,5,9}}] JOB 1046 timeout

[{{2026,6,23},{7,5,12}}] JOB "all_jobs_cancelled" connection_closed

[{{2026,6,23},{9,22,57}}] --- COORDINATOR STARTED on port 4200 --- 

[{{2026,6,23},{9,22,57}}] JOB 1001 denied

[{{2026,6,23},{9,22,58}}] JOB 1002 denied

[{{2026,6,23},{9,23,0}}] JOB 1003 denied

[{{2026,6,23},{9,23,1}}] JOB 1004 denied

[{{2026,6,23},{9,23,3}}] JOB 1005 denied

[{{2026,6,23},{9,23,6}}] JOB 1006 denied

[{{2026,6,23},{9,23,8}}] JOB 1007 granted

[{{2026,6,23},{9,23,9}}] JOB 1008 denied

[{{2026,6,23},{9,23,12}}] JOB 1010 denied

[{{2026,6,23},{9,23,13}}] JOB 1011 denied

[{{2026,6,23},{9,23,15}}] JOB "all_jobs_cancelled" connection_closed

[{{2026,6,23},{9,29,31}}] --- COORDINATOR STARTED on port 4200 --- 

[{{2026,6,23},{9,29,31}}] JOB 1001 granted

[{{2026,6,23},{9,29,32}}] JOB 1002 granted

[{{2026,6,23},{9,29,35}}] JOB 1004 granted

[{{2026,6,23},{9,29,36}}] JOB 1003 granted

[{{2026,6,23},{9,29,37}}] JOB 1005 granted

[{{2026,6,23},{9,29,40}}] JOB 1006 granted

[{{2026,6,23},{9,29,41}}] JOB 1008 granted

[{{2026,6,23},{9,29,49}}] JOB "all_jobs_cancelled" connection_closed

[{{2026,7,6},{9,15,46}}] --- COORDINATOR STARTED on port 4200 --- 

[{{2026,7,6},{9,15,46}}] JOB 1001 granted

[{{2026,7,6},{9,15,48}}] JOB 1002 granted

[{{2026,7,6},{9,15,53}}] JOB 1005 granted

[{{2026,7,6},{9,15,53}}] JOB 1003 granted

[{{2026,7,6},{9,15,54}}] JOB 1006 granted

[{{2026,7,6},{9,15,55}}] JOB 1004 granted

[{{2026,7,6},{9,15,55}}] JOB 1007 granted

[{{2026,7,6},{9,15,57}}] JOB 1008 granted

[{{2026,7,6},{9,16,14}}] JOB 1012 granted

[{{2026,7,6},{9,16,14}}] JOB 1009 granted

[{{2026,7,6},{9,16,31}}] JOB 1010 timeout

[{{2026,7,6},{9,16,31}}] JOB 1011 timeout

[{{2026,7,6},{9,16,31}}] JOB 1014 granted

[{{2026,7,6},{9,16,31}}] JOB 1013 granted

[{{2026,7,6},{9,16,31}}] JOB 1015 granted

[{{2026,7,6},{9,16,31}}] JOB 1016 granted

[{{2026,7,6},{9,16,41}}] JOB 1017 timeout

[{{2026,7,6},{9,16,43}}] JOB 1017 granted

[{{2026,7,6},{9,16,44}}] JOB 1018 granted

[{{2026,7,6},{9,16,45}}] JOB 1019 granted

[{{2026,7,6},{9,16,46}}] JOB 1020 timeout

[{{2026,7,6},{9,16,51}}] JOB 1024 timeout

[{{2026,7,6},{9,16,51}}] JOB 1021 timeout

[{{2026,7,6},{9,16,51}}] JOB 1022 timeout

[{{2026,7,6},{9,16,51}}] JOB 1023 timeout

[{{2026,7,6},{9,16,56}}] JOB 1025 timeout

[{{2026,7,6},{9,16,56}}] JOB 1026 timeout

[{{2026,7,6},{9,16,56}}] JOB 1027 timeout

[{{2026,7,6},{9,16,56}}] JOB 1027 timeout

[{{2026,7,6},{9,16,57}}] JOB 1020 granted

[{{2026,7,6},{9,16,57}}] JOB 1010 granted

[{{2026,7,6},{9,17,1}}] JOB 1028 timeout

[{{2026,7,6},{9,17,1}}] JOB 1029 timeout

[{{2026,7,6},{9,17,1}}] JOB 1030 timeout

[{{2026,7,6},{9,17,1}}] JOB 1011 timeout

[{{2026,7,6},{9,17,1}}] JOB 1030 timeout

[{{2026,7,6},{9,17,6}}] JOB 1031 timeout

[{{2026,7,6},{9,17,6}}] JOB 1032 timeout

[{{2026,7,6},{9,17,6}}] JOB 1033 timeout

[{{2026,7,6},{9,17,6}}] JOB 1034 timeout

[{{2026,7,6},{9,17,6}}] JOB 1032 timeout

[{{2026,7,6},{9,17,6}}] JOB 1033 timeout

[{{2026,7,6},{9,17,11}}] JOB 1035 timeout

[{{2026,7,6},{9,17,11}}] JOB 1036 timeout

[{{2026,7,6},{9,17,11}}] JOB 1037 timeout

[{{2026,7,6},{9,17,12}}] JOB 1026 granted

[{{2026,7,6},{9,17,12}}] JOB 1025 granted

[{{2026,7,6},{9,17,12}}] JOB 1024 granted

[{{2026,7,6},{9,17,12}}] JOB 1022 granted

[{{2026,7,6},{9,17,12}}] JOB 1021 granted

[{{2026,7,6},{9,17,12}}] JOB 1023 granted

[{{2026,7,6},{9,17,13}}] JOB 1035 timeout

[{{2026,7,6},{9,17,13}}] JOB 1036 timeout

[{{2026,7,6},{9,17,14}}] JOB 1037 timeout

[{{2026,7,6},{9,17,14}}] JOB 1025 granted

[{{2026,7,6},{9,17,15}}] JOB 1026 granted

[{{2026,7,6},{9,17,16}}] JOB 1038 timeout

[{{2026,7,6},{9,17,16}}] JOB 1039 timeout

[{{2026,7,6},{9,17,16}}] JOB 1040 timeout

[{{2026,7,6},{9,17,16}}] JOB "all_jobs_cancelled" connection_closed

[{{2026,7,6},{9,21,27}}] --- COORDINATOR STARTED on port 4200 --- 

[{{2026,7,6},{9,21,27}}] JOB 1001 granted

[{{2026,7,6},{9,21,33}}] JOB 1002 granted

[{{2026,7,6},{9,21,46}}] JOB 1004 granted

[{{2026,7,6},{9,21,46}}] JOB 1003 granted

[{{2026,7,6},{9,21,57}}] JOB 1008 granted

[{{2026,7,6},{9,21,57}}] JOB 1006 granted

[{{2026,7,6},{9,21,57}}] JOB 1005 granted

[{{2026,7,6},{9,21,57}}] JOB 1007 granted

[{{2026,7,6},{9,21,58}}] JOB 1019 granted

[{{2026,7,6},{9,21,58}}] JOB 1018 granted

[{{2026,7,6},{9,21,58}}] JOB 1015 granted

[{{2026,7,6},{9,21,58}}] JOB 1013 granted

[{{2026,7,6},{9,21,58}}] JOB 1012 granted

[{{2026,7,6},{9,21,58}}] JOB 1014 granted

[{{2026,7,6},{9,21,58}}] JOB 1017 granted

[{{2026,7,6},{9,21,58}}] JOB 1011 granted

[{{2026,7,6},{9,21,58}}] JOB 1009 granted

[{{2026,7,6},{9,21,58}}] JOB 1010 granted

[{{2026,7,6},{9,21,58}}] JOB 1020 granted

[{{2026,7,6},{9,21,59}}] JOB 1021 granted

[{{2026,7,6},{9,22,0}}] JOB 1023 granted

[{{2026,7,6},{9,22,1}}] JOB 1016 granted

[{{2026,7,6},{9,22,2}}] JOB 1024 granted

[{{2026,7,6},{9,22,5}}] JOB 1026 granted

[{{2026,7,6},{9,22,5}}] JOB 1022 granted

[{{2026,7,6},{9,22,5}}] JOB 1025 granted

[{{2026,7,6},{9,22,6}}] JOB 1027 granted

[{{2026,7,6},{9,22,8}}] JOB 1028 granted

[{{2026,7,6},{9,22,9}}] JOB 1029 granted

[{{2026,7,6},{9,22,11}}] JOB 1030 granted

[{{2026,7,6},{9,22,12}}] JOB 1031 granted

[{{2026,7,6},{9,22,15}}] JOB 1033 granted

[{{2026,7,6},{9,22,16}}] JOB 1032 granted

[{{2026,7,6},{9,22,17}}] JOB 1034 granted

[{{2026,7,6},{9,22,22}}] JOB 1035 granted

[{{2026,7,6},{9,22,25}}] JOB 1039 granted

[{{2026,7,6},{9,22,25}}] JOB 1038 granted

[{{2026,7,6},{9,22,25}}] JOB 1036 granted

[{{2026,7,6},{9,22,25}}] JOB 1037 granted

[{{2026,7,6},{9,22,26}}] JOB 1040 granted

[{{2026,7,6},{9,22,29}}] JOB 1042 granted

[{{2026,7,6},{9,22,30}}] JOB 1043 granted

[{{2026,7,6},{9,22,35}}] JOB 1046 granted

[{{2026,7,6},{9,22,37}}] JOB 1047 granted

[{{2026,7,6},{9,22,38}}] JOB 1041 granted

[{{2026,7,6},{9,22,50}}] JOB 1049 granted

[{{2026,7,6},{9,22,50}}] JOB 1048 granted

[{{2026,7,6},{9,22,52}}] JOB 1052 granted

[{{2026,7,6},{9,22,52}}] JOB 1051 granted

[{{2026,7,6},{9,22,52}}] JOB 1050 granted

[{{2026,7,6},{9,22,52}}] JOB 1044 granted

[{{2026,7,6},{9,22,58}}] JOB 1053 granted

[{{2026,7,6},{9,23,0}}] JOB 1055 granted

[{{2026,7,6},{9,23,0}}] JOB 1045 granted

[{{2026,7,6},{9,23,0}}] JOB 1058 granted

[{{2026,7,6},{9,23,0}}] JOB 1061 granted

[{{2026,7,6},{9,23,8}}] JOB 1063 granted

[{{2026,7,6},{9,23,8}}] JOB 1056 granted

[{{2026,7,6},{9,23,11}}] JOB 1069 granted

[{{2026,7,6},{9,23,11}}] JOB 1054 granted

[{{2026,7,6},{9,23,11}}] JOB 1057 granted

[{{2026,7,6},{9,23,11}}] JOB 1068 granted

[{{2026,7,6},{9,23,11}}] JOB 1067 granted

[{{2026,7,6},{9,23,11}}] JOB 1066 granted

[{{2026,7,6},{9,23,11}}] JOB 1065 granted

[{{2026,7,6},{9,23,11}}] JOB 1064 granted

[{{2026,7,6},{9,23,11}}] JOB 1070 granted

[{{2026,7,6},{9,23,12}}] JOB 1071 granted

[{{2026,7,6},{9,23,14}}] JOB 1072 granted

[{{2026,7,6},{9,23,15}}] JOB 1073 granted

[{{2026,7,6},{9,23,16}}] JOB 1060 granted

[{{2026,7,6},{9,23,17}}] JOB 1074 granted

[{{2026,7,6},{9,23,18}}] JOB 1075 granted

[{{2026,7,6},{9,23,20}}] JOB 1076 granted

[{{2026,7,6},{9,23,21}}] JOB 1077 granted

[{{2026,7,6},{9,23,23}}] JOB 1078 granted

[{{2026,7,6},{9,23,24}}] JOB 1079 granted

[{{2026,7,6},{9,23,26}}] JOB 1080 granted

[{{2026,7,6},{9,23,28}}] JOB 1081 granted

[{{2026,7,6},{9,23,28}}] JOB 1059 timeout

[{{2026,7,6},{9,23,29}}] JOB 1082 granted

[{{2026,7,6},{9,23,30}}] JOB 1083 granted

[{{2026,7,6},{9,23,33}}] JOB 1062 timeout

[{{2026,7,6},{9,23,33}}] JOB 1085 granted

[{{2026,7,6},{9,23,34}}] JOB 1062 granted

[{{2026,7,6},{9,23,35}}] JOB 1084 granted

[{{2026,7,6},{9,23,40}}] JOB 1089 granted

[{{2026,7,6},{9,23,40}}] JOB 1088 granted

[{{2026,7,6},{9,23,40}}] JOB 1087 granted

[{{2026,7,6},{9,23,40}}] JOB 1086 granted

[{{2026,7,6},{9,23,41}}] JOB 1090 granted

[{{2026,7,6},{9,23,42}}] JOB 1091 granted

[{{2026,7,6},{9,23,44}}] JOB 1092 granted

[{{2026,7,6},{9,23,45}}] JOB 1093 granted

[{{2026,7,6},{9,23,48}}] JOB 1094 granted

[{{2026,7,6},{9,23,50}}] JOB 1096 granted

[{{2026,7,6},{9,23,50}}] JOB 1059 granted

[{{2026,7,6},{9,23,56}}] JOB 1098 granted

[{{2026,7,6},{9,23,56}}] JOB 1097 granted

[{{2026,7,6},{9,23,58}}] JOB 1100 granted

[{{2026,7,6},{9,23,58}}] JOB 1099 granted

[{{2026,7,6},{9,24,1}}] JOB 1095 granted

[{{2026,7,6},{9,24,3}}] JOB 1101 granted

[{{2026,7,6},{9,24,4}}] JOB 1102 granted

[{{2026,7,6},{9,24,10}}] JOB 1109 granted

[{{2026,7,6},{9,24,10}}] JOB 1108 granted

[{{2026,7,6},{9,24,10}}] JOB 1107 granted

[{{2026,7,6},{9,24,10}}] JOB 1103 granted

[{{2026,7,6},{9,24,10}}] JOB 1104 granted

[{{2026,7,6},{9,24,11}}] JOB 1110 granted

[{{2026,7,6},{9,24,12}}] JOB 1111 granted

[{{2026,7,6},{9,24,14}}] JOB 1112 granted

[{{2026,7,6},{9,24,15}}] JOB 1113 granted

[{{2026,7,6},{9,24,22}}] JOB 1115 granted

[{{2026,7,6},{9,24,33}}] JOB 1105 timeout

[{{2026,7,6},{9,24,35}}] JOB 1118 granted

[{{2026,7,6},{9,24,35}}] JOB 1117 granted

[{{2026,7,6},{9,24,35}}] JOB 1116 granted

[{{2026,7,6},{9,24,35}}] JOB 1105 granted

[{{2026,7,6},{9,24,35}}] JOB 1114 granted

[{{2026,7,6},{9,24,37}}] JOB 1119 granted

[{{2026,7,6},{9,24,37}}] JOB 1120 granted

[{{2026,7,6},{9,24,38}}] JOB 1106 timeout

[{{2026,7,6},{9,24,38}}] JOB 1114 denied

[{{2026,7,6},{9,24,38}}] JOB 1126 granted

[{{2026,7,6},{9,24,38}}] JOB 1124 granted

[{{2026,7,6},{9,24,38}}] JOB 1123 granted

[{{2026,7,6},{9,24,38}}] JOB 1122 granted

[{{2026,7,6},{9,24,38}}] JOB 1121 granted

[{{2026,7,6},{9,24,47}}] JOB 1127 granted

[{{2026,7,6},{9,24,47}}] JOB 1133 granted

[{{2026,7,6},{9,24,47}}] JOB 1130 granted

[{{2026,7,6},{9,24,47}}] JOB 1129 granted

[{{2026,7,6},{9,24,47}}] JOB 1106 granted

[{{2026,7,6},{9,24,47}}] JOB 1128 granted

[{{2026,7,6},{9,24,52}}] JOB 1137 granted

[{{2026,7,6},{9,24,55}}] JOB 1139 granted

[{{2026,7,6},{9,24,59}}] JOB 1142 granted

[{{2026,7,6},{9,25,0}}] JOB 1131 granted

[{{2026,7,6},{9,25,1}}] JOB 1143 granted

[{{2026,7,6},{9,25,1}}] JOB 1125 denied

[{{2026,7,6},{9,25,1}}] JOB 1132 granted

[{{2026,7,6},{9,25,2}}] JOB 1144 granted

[{{2026,7,6},{9,25,3}}] JOB 1135 granted

[{{2026,7,6},{9,25,3}}] JOB 1134 granted

[{{2026,7,6},{9,25,5}}] JOB 1146 granted

[{{2026,7,6},{9,25,14}}] JOB 1149 granted

[{{2026,7,6},{9,25,14}}] JOB 1147 granted

[{{2026,7,6},{9,25,14}}] JOB 1148 granted

[{{2026,7,6},{9,25,17}}] JOB 1150 granted

[{{2026,7,6},{9,25,17}}] JOB 1136 granted

[{{2026,7,6},{9,25,17}}] JOB 1152 granted

[{{2026,7,6},{9,25,17}}] JOB 1151 granted

[{{2026,7,6},{9,25,18}}] JOB 1153 granted

[{{2026,7,6},{9,25,20}}] JOB 1154 granted

[{{2026,7,6},{9,25,20}}] JOB 1138 granted

[{{2026,7,6},{9,25,21}}] JOB 1140 granted

[{{2026,7,6},{9,25,21}}] JOB 1155 granted

[{{2026,7,6},{9,25,25}}] JOB 1156 granted

[{{2026,7,6},{9,25,28}}] JOB 1141 timeout

[{{2026,7,6},{9,25,31}}] JOB 1145 granted

[{{2026,7,6},{9,25,31}}] JOB 1141 granted

[{{2026,7,6},{9,25,35}}] JOB 1158 granted

[{{2026,7,6},{9,25,35}}] JOB 1157 granted

[{{2026,7,6},{9,25,36}}] JOB 1160 granted

[{{2026,7,6},{9,25,36}}] JOB 1159 granted

[{{2026,7,6},{9,25,37}}] JOB 1163 granted

[{{2026,7,6},{9,25,37}}] JOB 1162 granted

[{{2026,7,6},{9,25,37}}] JOB 1161 granted

[{{2026,7,6},{9,25,39}}] JOB 1166 granted

[{{2026,7,6},{9,25,39}}] JOB 1167 granted

[{{2026,7,6},{9,25,39}}] JOB 1165 granted

[{{2026,7,6},{9,25,39}}] JOB 1168 granted

[{{2026,7,6},{9,25,39}}] JOB 1164 granted

[{{2026,7,6},{9,25,40}}] JOB 1169 granted

[{{2026,7,6},{9,25,41}}] JOB 1170 granted

[{{2026,7,6},{9,25,44}}] JOB 1172 granted

[{{2026,7,6},{9,25,46}}] JOB 1173 granted

[{{2026,7,6},{9,25,47}}] JOB 1174 granted

[{{2026,7,6},{9,25,49}}] JOB 1175 granted

[{{2026,7,6},{9,25,56}}] JOB 1180 granted

[{{2026,7,6},{9,25,56}}] JOB 1177 granted

[{{2026,7,6},{9,25,56}}] JOB 1176 granted

[{{2026,7,6},{9,25,56}}] JOB 1171 granted

[{{2026,7,6},{9,25,59}}] JOB 1178 granted

[{{2026,7,6},{9,26,1}}] JOB 1183 granted

[{{2026,7,6},{9,26,2}}] JOB 1184 granted

[{{2026,7,6},{9,26,4}}] JOB 1185 granted

[{{2026,7,6},{9,26,5}}] JOB 1186 granted

[{{2026,7,6},{9,26,7}}] JOB 1187 granted

[{{2026,7,6},{9,26,9}}] JOB 1188 granted

[{{2026,7,6},{9,26,12}}] JOB 1179 granted

[{{2026,7,6},{9,26,12}}] JOB 1181 granted

[{{2026,7,6},{9,26,14}}] JOB 1190 granted

[{{2026,7,6},{9,26,14}}] JOB 1189 granted

[{{2026,7,6},{9,26,31}}] JOB 1193 granted

[{{2026,7,6},{9,26,31}}] JOB 1192 granted

[{{2026,7,6},{9,26,31}}] JOB 1191 granted

[{{2026,7,6},{9,26,31}}] JOB 1182 granted

[{{2026,7,6},{9,26,39}}] JOB 1195 granted

[{{2026,7,6},{9,26,39}}] JOB 1196 granted

[{{2026,7,6},{9,26,39}}] JOB 1194 granted

[{{2026,7,6},{9,26,41}}] JOB 1210 denied

[{{2026,7,6},{9,26,44}}] JOB 1198 granted

[{{2026,7,6},{9,26,44}}] JOB 1203 granted

[{{2026,7,6},{9,26,44}}] JOB 1197 granted

[{{2026,7,6},{9,26,44}}] JOB 1202 granted

[{{2026,7,6},{9,26,44}}] JOB 1201 granted

[{{2026,7,6},{9,26,44}}] JOB 1199 granted

[{{2026,7,6},{9,26,47}}] JOB 1204 granted

[{{2026,7,6},{9,26,48}}] JOB 1206 granted

[{{2026,7,6},{9,26,52}}] JOB 1207 granted

[{{2026,7,6},{9,26,54}}] JOB 1212 granted

[{{2026,7,6},{9,26,54}}] JOB 1211 granted

[{{2026,7,6},{9,26,54}}] JOB 1209 granted

[{{2026,7,6},{9,26,54}}] JOB 1208 granted

[{{2026,7,6},{9,26,58}}] JOB 1200 granted

[{{2026,7,6},{9,27,3}}] JOB 1214 granted

[{{2026,7,6},{9,27,3}}] JOB 1213 granted

[{{2026,7,6},{9,27,4}}] JOB 1217 granted

[{{2026,7,6},{9,27,4}}] JOB 1216 granted

[{{2026,7,6},{9,27,4}}] JOB 1218 granted

[{{2026,7,6},{9,27,4}}] JOB 1215 granted

[{{2026,7,6},{9,27,5}}] JOB 1220 granted

[{{2026,7,6},{9,27,5}}] JOB 1219 granted

[{{2026,7,6},{9,27,5}}] JOB 1205 granted

[{{2026,7,6},{9,27,5}}] JOB 1225 granted

[{{2026,7,6},{9,27,5}}] JOB 1221 granted

[{{2026,7,6},{9,27,5}}] JOB 1224 granted

[{{2026,7,6},{9,27,5}}] JOB 1223 granted

[{{2026,7,6},{9,27,5}}] JOB 1222 granted

[{{2026,7,6},{9,27,5}}] JOB 1226 granted

[{{2026,7,6},{9,27,7}}] JOB 1227 granted

[{{2026,7,6},{9,27,8}}] JOB 1228 granted

[{{2026,7,6},{9,27,10}}] JOB 1229 granted

[{{2026,7,6},{9,27,11}}] JOB 1230 granted

[{{2026,7,6},{9,27,13}}] JOB 1231 granted

[{{2026,7,6},{9,27,14}}] JOB 1232 granted

[{{2026,7,6},{9,27,16}}] JOB 1233 granted

[{{2026,7,6},{9,27,17}}] JOB 1234 granted

[{{2026,7,6},{9,27,19}}] JOB 1235 granted

[{{2026,7,6},{9,27,20}}] JOB 1236 granted

[{{2026,7,6},{9,27,22}}] JOB 1237 granted

[{{2026,7,6},{9,27,23}}] JOB 1238 granted

[{{2026,7,6},{9,27,25}}] JOB 1239 granted

[{{2026,7,6},{9,27,31}}] JOB 1243 granted

[{{2026,7,6},{9,27,32}}] JOB 1244 granted

[{{2026,7,6},{9,27,37}}] JOB 1247 granted

[{{2026,7,6},{9,27,38}}] JOB 1246 granted

[{{2026,7,6},{9,27,38}}] JOB 1245 granted

[{{2026,7,6},{9,27,38}}] JOB 1248 granted

[{{2026,7,6},{9,27,39}}] JOB 1240 granted

[{{2026,7,6},{9,27,40}}] JOB 1249 granted

[{{2026,7,6},{9,27,41}}] JOB 1242 granted

[{{2026,7,6},{9,27,41}}] JOB 1241 granted

[{{2026,7,6},{9,27,41}}] JOB 1250 granted

[{{2026,7,6},{9,27,43}}] JOB 1251 granted

[{{2026,7,6},{9,27,44}}] JOB 1252 granted

[{{2026,7,6},{9,27,46}}] JOB 1253 granted

[{{2026,7,6},{9,27,47}}] JOB 1254 granted

[{{2026,7,6},{9,27,49}}] JOB 1255 granted

[{{2026,7,6},{9,27,50}}] JOB 1256 granted

[{{2026,7,6},{9,27,52}}] JOB 1257 granted

[{{2026,7,6},{9,27,53}}] JOB 1258 granted

[{{2026,7,6},{9,27,55}}] JOB 1259 granted

[{{2026,7,6},{9,27,56}}] JOB 1260 granted

[{{2026,7,6},{9,27,58}}] JOB 1261 granted

[{{2026,7,6},{9,27,59}}] JOB 1262 granted

[{{2026,7,6},{9,28,1}}] JOB 1263 granted

[{{2026,7,6},{9,28,2}}] JOB 1264 granted

[{{2026,7,6},{9,28,4}}] JOB 1265 granted

[{{2026,7,6},{9,28,5}}] JOB 1266 granted

[{{2026,7,6},{9,28,7}}] JOB 1267 granted

[{{2026,7,6},{9,28,8}}] JOB 1268 granted

[{{2026,7,6},{9,28,10}}] JOB 1269 granted

[{{2026,7,6},{9,28,13}}] JOB 1270 granted

[{{2026,7,6},{9,28,16}}] JOB 1271 granted

[{{2026,7,6},{9,28,24}}] JOB 1278 granted

[{{2026,7,6},{9,28,24}}] JOB 1276 granted

[{{2026,7,6},{9,28,24}}] JOB 1274 granted

[{{2026,7,6},{9,28,24}}] JOB 1273 granted

[{{2026,7,6},{9,28,24}}] JOB 1272 granted

[{{2026,7,6},{9,28,24}}] JOB 1275 granted

[{{2026,7,6},{9,28,25}}] JOB 1279 granted

[{{2026,7,6},{9,28,25}}] JOB 1277 granted

[{{2026,7,6},{9,28,29}}] JOB 1280 granted

[{{2026,7,6},{9,28,30}}] JOB 1281 granted

[{{2026,7,6},{9,28,31}}] JOB 1283 granted

[{{2026,7,6},{9,28,37}}] JOB 1284 granted

[{{2026,7,6},{9,28,47}}] JOB 1287 granted

[{{2026,7,6},{9,28,47}}] JOB 1286 granted

[{{2026,7,6},{9,28,47}}] JOB 1285 granted

[{{2026,7,6},{9,28,52}}] JOB 1282 granted

[{{2026,7,6},{9,28,52}}] JOB 1288 granted

[{{2026,7,6},{9,28,54}}] JOB 1291 granted

[{{2026,7,6},{9,28,54}}] JOB 1290 granted

[{{2026,7,6},{9,28,54}}] JOB 1289 granted

[{{2026,7,6},{9,29,3}}] JOB 1294 granted

[{{2026,7,6},{9,29,3}}] JOB 1293 granted

[{{2026,7,6},{9,29,3}}] JOB 1295 granted

[{{2026,7,6},{9,29,3}}] JOB 1292 granted

[{{2026,7,6},{9,29,4}}] JOB 1297 granted

[{{2026,7,6},{9,29,4}}] JOB 1296 granted

[{{2026,7,6},{9,29,8}}] JOB 1299 granted

[{{2026,7,6},{9,29,8}}] JOB 1298 granted

[{{2026,7,6},{9,29,10}}] JOB 1300 granted

[{{2026,7,6},{9,29,16}}] JOB 1301 granted

[{{2026,7,6},{9,29,16}}] JOB 1303 granted

[{{2026,7,6},{9,29,16}}] JOB 1304 granted

[{{2026,7,6},{9,29,16}}] JOB 1302 granted

[{{2026,7,6},{9,29,16}}] JOB 1306 granted

[{{2026,7,6},{9,29,16}}] JOB 1305 granted

[{{2026,7,6},{9,29,17}}] JOB 1307 granted

[{{2026,7,6},{9,29,20}}] JOB 1313 granted

[{{2026,7,6},{9,29,20}}] JOB 1311 granted

[{{2026,7,6},{9,29,20}}] JOB 1309 granted

[{{2026,7,6},{9,29,20}}] JOB 1312 granted

[{{2026,7,6},{9,29,20}}] JOB 1310 granted

[{{2026,7,6},{9,29,20}}] JOB 1308 granted

[{{2026,7,6},{9,29,22}}] JOB 1317 granted

[{{2026,7,6},{9,29,22}}] JOB 1314 granted

[{{2026,7,6},{9,29,23}}] JOB 1318 granted

[{{2026,7,6},{9,29,24}}] JOB 1316 granted

[{{2026,7,6},{9,29,24}}] JOB 1315 granted

[{{2026,7,6},{9,29,25}}] JOB 1319 granted

[{{2026,7,6},{9,29,26}}] JOB 1320 granted

[{{2026,7,6},{9,29,28}}] JOB 1321 granted

[{{2026,7,6},{9,29,29}}] JOB 1322 granted

[{{2026,7,6},{9,29,31}}] JOB 1323 granted

[{{2026,7,6},{9,29,32}}] JOB 1324 granted

[{{2026,7,6},{9,29,35}}] JOB 1326 granted

[{{2026,7,6},{9,29,36}}] JOB 1325 granted

[{{2026,7,6},{9,29,37}}] JOB 1327 granted

[{{2026,7,6},{9,29,38}}] JOB 1328 granted

[{{2026,7,6},{9,29,40}}] JOB 1329 granted

[{{2026,7,6},{9,29,42}}] JOB 1330 granted

[{{2026,7,6},{9,29,43}}] JOB 1331 granted

[{{2026,7,6},{9,29,44}}] JOB 1332 granted

[{{2026,7,6},{9,29,46}}] JOB 1333 granted

[{{2026,7,6},{9,29,47}}] JOB 1334 granted

[{{2026,7,6},{9,29,49}}] JOB 1335 granted

[{{2026,7,6},{9,29,50}}] JOB 1336 granted

[{{2026,7,6},{9,29,54}}] JOB 1337 granted

[{{2026,7,6},{9,29,55}}] JOB 1339 granted

[{{2026,7,6},{9,29,56}}] JOB 1340 granted

[{{2026,7,6},{9,29,58}}] JOB 1341 granted

[{{2026,7,6},{9,29,59}}] JOB 1342 granted

[{{2026,7,6},{9,30,2}}] JOB 1343 granted

[{{2026,7,6},{9,30,4}}] JOB 1344 granted

[{{2026,7,6},{9,30,4}}] JOB 1338 granted

[{{2026,7,6},{9,30,4}}] JOB 1345 granted

[{{2026,7,6},{9,30,5}}] JOB 1346 granted

[{{2026,7,6},{9,30,7}}] JOB 1347 granted

[{{2026,7,6},{9,30,8}}] JOB 1348 granted

[{{2026,7,6},{9,30,10}}] JOB 1349 granted

[{{2026,7,6},{9,30,11}}] JOB 1350 granted

[{{2026,7,6},{9,30,13}}] JOB 1351 granted

[{{2026,7,6},{9,30,14}}] JOB 1352 granted

[{{2026,7,6},{9,30,16}}] JOB 1353 granted

[{{2026,7,6},{9,30,21}}] JOB 1354 granted

[{{2026,7,6},{9,30,21}}] JOB 1355 granted

[{{2026,7,6},{9,30,22}}] JOB 1357 granted

[{{2026,7,6},{9,30,22}}] JOB 1356 granted

[{{2026,7,6},{9,30,23}}] JOB 1358 granted

[{{2026,7,6},{9,30,25}}] JOB 1359 granted

[{{2026,7,6},{9,30,26}}] JOB 1360 granted

[{{2026,7,6},{9,30,28}}] JOB 1361 granted

[{{2026,7,6},{9,30,29}}] JOB 1362 granted

[{{2026,7,6},{9,30,34}}] JOB 1363 granted

[{{2026,7,6},{9,30,35}}] JOB 1364 granted

[{{2026,7,6},{9,30,35}}] JOB 1366 granted

[{{2026,7,6},{9,30,39}}] JOB 1365 granted

[{{2026,7,6},{9,30,42}}] JOB 1367 granted

[{{2026,7,6},{9,30,44}}] JOB 1368 granted

[{{2026,7,6},{9,30,48}}] JOB 1372 granted

[{{2026,7,6},{9,30,49}}] JOB 1371 granted

[{{2026,7,6},{9,30,49}}] JOB 1370 granted

[{{2026,7,6},{9,30,49}}] JOB 1369 granted

[{{2026,7,6},{9,30,49}}] JOB 1375 granted

[{{2026,7,6},{9,30,49}}] JOB 1373 granted

[{{2026,7,6},{9,30,51}}] JOB 1376 granted

[{{2026,7,6},{9,30,54}}] JOB 1377 granted

[{{2026,7,6},{9,30,56}}] JOB 1378 granted

[{{2026,7,6},{9,31,8}}] JOB 1386 granted

[{{2026,7,6},{9,31,8}}] JOB 1384 granted

[{{2026,7,6},{9,31,8}}] JOB 1383 granted

[{{2026,7,6},{9,31,8}}] JOB 1382 granted

[{{2026,7,6},{9,31,8}}] JOB 1374 granted

[{{2026,7,6},{9,31,8}}] JOB 1385 granted

[{{2026,7,6},{9,31,8}}] JOB 1381 granted

[{{2026,7,6},{9,31,8}}] JOB 1380 granted

[{{2026,7,6},{9,31,8}}] JOB 1379 granted

[{{2026,7,6},{9,31,9}}] JOB 1388 granted

[{{2026,7,6},{9,31,13}}] JOB 1391 granted

[{{2026,7,6},{9,31,15}}] JOB 1392 granted

[{{2026,7,6},{9,31,29}}] JOB 1394 granted

[{{2026,7,6},{9,31,32}}] JOB 1398 granted

[{{2026,7,6},{9,31,32}}] JOB 1395 granted

[{{2026,7,6},{9,31,36}}] JOB 1399 granted

[{{2026,7,6},{9,31,36}}] JOB 1387 granted

[{{2026,7,6},{9,31,36}}] JOB 1389 granted

[{{2026,7,6},{9,31,39}}] JOB 1403 granted

[{{2026,7,6},{9,31,39}}] JOB 1402 granted

[{{2026,7,6},{9,31,39}}] JOB 1401 granted

[{{2026,7,6},{9,31,39}}] JOB 1390 granted

[{{2026,7,6},{9,31,39}}] JOB 1400 granted

[{{2026,7,6},{9,31,42}}] JOB 1406 granted

[{{2026,7,6},{9,31,42}}] JOB 1405 granted

[{{2026,7,6},{9,31,42}}] JOB 1404 granted

[{{2026,7,6},{9,31,43}}] JOB 1410 granted

[{{2026,7,6},{9,31,43}}] JOB 1409 granted

[{{2026,7,6},{9,31,43}}] JOB 1408 granted

[{{2026,7,6},{9,31,43}}] JOB 1407 granted

[{{2026,7,6},{9,31,48}}] JOB 1393 timeout

[{{2026,7,6},{9,31,49}}] JOB 1414 granted

[{{2026,7,6},{9,31,49}}] JOB 1413 granted

[{{2026,7,6},{9,31,49}}] JOB 1412 granted

[{{2026,7,6},{9,31,49}}] JOB 1411 granted

[{{2026,7,6},{9,31,49}}] JOB 1393 granted

[{{2026,7,6},{9,31,53}}] JOB 1397 granted

[{{2026,7,6},{9,31,53}}] JOB 1396 timeout

[{{2026,7,6},{9,32,0}}] JOB 1396 granted

[{{2026,7,6},{9,32,5}}] JOB 1422 granted

[{{2026,7,6},{9,32,5}}] JOB 1421 granted

[{{2026,7,6},{9,32,5}}] JOB 1415 granted

[{{2026,7,6},{9,32,5}}] JOB 1420 granted

[{{2026,7,6},{9,32,5}}] JOB 1419 granted

[{{2026,7,6},{9,32,5}}] JOB 1418 granted

[{{2026,7,6},{9,32,5}}] JOB 1417 granted

[{{2026,7,6},{9,32,5}}] JOB 1416 granted

[{{2026,7,6},{9,32,5}}] JOB 1424 granted

[{{2026,7,6},{9,32,5}}] JOB 1423 granted

[{{2026,7,6},{9,32,10}}] JOB 1426 granted

[{{2026,7,6},{9,32,10}}] JOB 1425 granted

[{{2026,7,6},{9,32,11}}] JOB 1427 granted

[{{2026,7,6},{9,32,16}}] JOB 1431 granted

[{{2026,7,6},{9,32,16}}] JOB 1430 granted

[{{2026,7,6},{9,32,16}}] JOB 1429 granted

[{{2026,7,6},{9,32,16}}] JOB 1428 granted

[{{2026,7,6},{9,32,16}}] JOB 1433 granted

[{{2026,7,6},{9,32,16}}] JOB 1432 granted

[{{2026,7,6},{9,32,18}}] JOB 1434 granted

[{{2026,7,6},{9,32,19}}] JOB 1435 granted

[{{2026,7,6},{9,32,21}}] JOB 1436 granted

[{{2026,7,6},{9,32,21}}] JOB 1427 denied

[{{2026,7,6},{9,32,22}}] JOB 1437 granted

[{{2026,7,6},{9,32,28}}] JOB 1440 granted

[{{2026,7,6},{9,32,28}}] JOB 1439 granted

[{{2026,7,6},{9,32,28}}] JOB 1438 granted

[{{2026,7,6},{9,32,30}}] JOB 1442 granted

[{{2026,7,6},{9,32,31}}] JOB 1443 granted

[{{2026,7,6},{9,32,31}}] JOB 1441 granted

[{{2026,7,6},{9,32,36}}] JOB 1446 granted

[{{2026,7,6},{9,32,37}}] JOB 1447 granted

[{{2026,7,6},{9,32,39}}] JOB 1448 granted

[{{2026,7,6},{9,32,40}}] JOB 1444 granted

[{{2026,7,6},{9,32,40}}] JOB 1445 granted

[{{2026,7,6},{9,32,40}}] JOB 1449 granted

[{{2026,7,6},{9,32,42}}] JOB 1450 granted

[{{2026,7,6},{9,32,44}}] JOB 1451 granted

[{{2026,7,6},{9,32,45}}] JOB 1452 granted

[{{2026,7,6},{9,32,46}}] JOB 1453 granted

[{{2026,7,6},{9,32,52}}] JOB 1454 granted

[{{2026,7,6},{9,32,56}}] JOB 1455 granted

[{{2026,7,6},{9,32,57}}] JOB 1456 granted

[{{2026,7,6},{9,33,1}}] JOB 1457 granted

[{{2026,7,6},{9,33,1}}] JOB 1458 granted

[{{2026,7,6},{9,33,2}}] JOB 1459 granted

[{{2026,7,6},{9,33,2}}] JOB 1460 granted

[{{2026,7,6},{9,33,3}}] JOB 1461 granted

[{{2026,7,6},{9,33,4}}] JOB 1464 granted

[{{2026,7,6},{9,33,4}}] JOB 1462 granted

[{{2026,7,6},{9,33,4}}] JOB 1463 granted

[{{2026,7,6},{9,33,6}}] JOB 1465 granted

[{{2026,7,6},{9,33,6}}] JOB 1466 granted

[{{2026,7,6},{9,33,7}}] JOB 1467 granted

[{{2026,7,6},{9,33,14}}] JOB 1470 granted

[{{2026,7,6},{9,33,14}}] JOB 1471 granted

[{{2026,7,6},{9,33,14}}] JOB 1469 granted

[{{2026,7,6},{9,33,14}}] JOB 1468 granted

[{{2026,7,6},{9,33,15}}] JOB 1472 granted

[{{2026,7,6},{9,33,16}}] JOB 1473 granted

[{{2026,7,6},{9,33,18}}] JOB 1474 granted

[{{2026,7,6},{9,33,19}}] JOB 1475 granted

[{{2026,7,6},{9,33,21}}] JOB 1476 granted

[{{2026,7,6},{9,33,23}}] JOB 1477 granted

[{{2026,7,6},{9,33,24}}] JOB 1478 granted

[{{2026,7,6},{9,33,25}}] JOB 1479 granted

[{{2026,7,6},{9,33,30}}] JOB 1482 granted

[{{2026,7,6},{9,33,31}}] JOB 1483 granted

[{{2026,7,6},{9,33,33}}] JOB 1484 granted

[{{2026,7,6},{9,33,34}}] JOB 1485 granted

[{{2026,7,6},{9,33,35}}] JOB 1480 granted

[{{2026,7,6},{9,33,36}}] JOB 1486 granted

[{{2026,7,6},{9,33,36}}] JOB 1481 granted

[{{2026,7,6},{9,33,37}}] JOB 1487 granted

[{{2026,7,6},{9,33,39}}] JOB 1488 granted

[{{2026,7,6},{9,33,40}}] JOB 1489 granted

[{{2026,7,6},{9,33,42}}] JOB 1490 granted

[{{2026,7,6},{9,34,2}}] JOB 1492 granted

[{{2026,7,6},{9,34,2}}] JOB 1491 granted

[{{2026,7,6},{9,34,18}}] JOB 1493 timeout

[{{2026,7,6},{9,34,18}}] JOB 1494 timeout

[{{2026,7,6},{9,34,19}}] JOB 1497 granted

[{{2026,7,6},{9,34,19}}] JOB 1496 granted

[{{2026,7,6},{9,34,19}}] JOB 1495 granted

[{{2026,7,6},{9,34,19}}] JOB 1495 granted

[{{2026,7,6},{9,34,20}}] JOB 1498 granted

[{{2026,7,6},{9,34,24}}] JOB 1502 granted

[{{2026,7,6},{9,34,24}}] JOB 1501 granted

[{{2026,7,6},{9,34,24}}] JOB 1500 granted

[{{2026,7,6},{9,34,24}}] JOB 1499 granted

[{{2026,7,6},{9,34,31}}] JOB 1504 granted

[{{2026,7,6},{9,34,31}}] JOB 1503 granted

[{{2026,7,6},{9,34,33}}] JOB 1505 granted

[{{2026,7,6},{9,34,34}}] JOB 1507 granted

[{{2026,7,6},{9,34,34}}] JOB 1506 granted

[{{2026,7,6},{9,34,36}}] JOB 1508 granted

[{{2026,7,6},{9,34,37}}] JOB 1509 granted

[{{2026,7,6},{9,34,37}}] JOB 1511 granted

[{{2026,7,6},{9,34,37}}] JOB 1510 granted

[{{2026,7,6},{9,34,38}}] JOB 1515 granted

[{{2026,7,6},{9,34,38}}] JOB 1514 granted

[{{2026,7,6},{9,34,38}}] JOB 1513 granted

[{{2026,7,6},{9,34,38}}] JOB 1512 granted

[{{2026,7,6},{9,34,39}}] JOB 1494 granted

[{{2026,7,6},{9,34,40}}] JOB 1493 granted

[{{2026,7,6},{9,34,40}}] JOB 1516 granted

[{{2026,7,6},{9,34,40}}] JOB 1529 denied

[{{2026,7,6},{9,34,42}}] JOB 1530 denied

[{{2026,7,6},{9,34,43}}] JOB 1522 granted

[{{2026,7,6},{9,34,43}}] JOB 1521 granted

[{{2026,7,6},{9,34,43}}] JOB 1520 granted

[{{2026,7,6},{9,34,43}}] JOB 1519 granted

[{{2026,7,6},{9,34,43}}] JOB 1518 granted

[{{2026,7,6},{9,34,43}}] JOB 1517 granted

[{{2026,7,6},{9,34,43}}] JOB 1531 denied

[{{2026,7,6},{9,34,44}}] JOB 1528 granted

[{{2026,7,6},{9,34,44}}] JOB 1527 granted

[{{2026,7,6},{9,34,44}}] JOB 1526 granted

[{{2026,7,6},{9,34,44}}] JOB 1525 granted

[{{2026,7,6},{9,34,44}}] JOB 1524 granted

[{{2026,7,6},{9,34,44}}] JOB 1523 granted

[{{2026,7,6},{9,34,45}}] JOB 1532 granted

[{{2026,7,6},{9,34,46}}] JOB 1533 granted

[{{2026,7,6},{9,34,48}}] JOB 1534 granted

[{{2026,7,6},{9,34,49}}] JOB 1535 granted

[{{2026,7,6},{9,34,52}}] JOB 1536 granted

[{{2026,7,6},{9,34,56}}] JOB 1537 granted

[{{2026,7,6},{9,34,56}}] JOB 1539 granted

[{{2026,7,6},{9,35,2}}] JOB 1540 granted

[{{2026,7,6},{9,35,2}}] JOB 1538 granted

[{{2026,7,6},{9,35,3}}] JOB 1541 granted

[{{2026,7,6},{9,35,3}}] JOB 1543 granted

[{{2026,7,6},{9,35,3}}] JOB 1542 granted

[{{2026,7,6},{9,35,3}}] JOB 1544 granted

[{{2026,7,6},{9,35,4}}] JOB 1545 granted

[{{2026,7,6},{9,35,6}}] JOB 1546 granted

[{{2026,7,6},{9,35,10}}] JOB 1549 granted

[{{2026,7,6},{9,35,11}}] JOB 1547 granted

[{{2026,7,6},{9,35,12}}] JOB 1550 granted

[{{2026,7,6},{9,35,13}}] JOB 1551 granted

[{{2026,7,6},{9,35,15}}] JOB 1552 granted

[{{2026,7,6},{9,35,15}}] JOB 1548 granted

[{{2026,7,6},{9,35,16}}] JOB 1553 granted

[{{2026,7,6},{9,35,18}}] JOB 1554 granted

[{{2026,7,6},{9,35,19}}] JOB 1555 granted

[{{2026,7,6},{9,35,37}}] JOB 1556 granted

[{{2026,7,6},{9,35,38}}] JOB 1558 granted

[{{2026,7,6},{9,35,39}}] JOB 1557 granted

[{{2026,7,6},{9,35,42}}] JOB 1560 granted

[{{2026,7,6},{9,35,42}}] JOB 1559 granted

[{{2026,7,6},{9,35,44}}] JOB 1563 granted

[{{2026,7,6},{9,35,44}}] JOB 1562 granted

[{{2026,7,6},{9,35,44}}] JOB 1561 granted

[{{2026,7,6},{9,35,46}}] JOB 1564 granted

[{{2026,7,6},{9,35,53}}] JOB 1565 granted

[{{2026,7,6},{9,36,2}}] JOB 1571 granted

[{{2026,7,6},{9,36,2}}] JOB 1570 granted

[{{2026,7,6},{9,36,2}}] JOB 1568 granted

[{{2026,7,6},{9,36,2}}] JOB 1569 granted

[{{2026,7,6},{9,36,2}}] JOB 1567 granted

[{{2026,7,6},{9,36,2}}] JOB 1566 granted

[{{2026,7,6},{9,36,4}}] JOB 1575 granted

[{{2026,7,6},{9,36,4}}] JOB 1573 granted

[{{2026,7,6},{9,36,4}}] JOB 1572 granted

[{{2026,7,6},{9,36,6}}] JOB 1576 granted

[{{2026,7,6},{9,36,13}}] JOB 1577 granted

[{{2026,7,6},{9,36,13}}] JOB 1578 granted

[{{2026,7,6},{9,36,13}}] JOB 1574 granted

[{{2026,7,6},{9,36,15}}] JOB 1579 granted

[{{2026,7,6},{9,36,15}}] JOB 1582 granted

[{{2026,7,6},{9,36,15}}] JOB 1581 granted

[{{2026,7,6},{9,36,15}}] JOB 1580 granted

[{{2026,7,6},{9,36,18}}] JOB 1583 granted

[{{2026,7,6},{9,36,23}}] JOB 1588 granted

[{{2026,7,6},{9,36,23}}] JOB 1589 granted

[{{2026,7,6},{9,36,23}}] JOB 1587 granted

[{{2026,7,6},{9,36,23}}] JOB 1586 granted

[{{2026,7,6},{9,36,23}}] JOB 1585 granted

[{{2026,7,6},{9,36,23}}] JOB 1584 granted

[{{2026,7,6},{9,36,31}}] JOB 1590 granted

[{{2026,7,6},{9,36,31}}] JOB 1597 granted

[{{2026,7,6},{9,36,31}}] JOB 1596 granted

[{{2026,7,6},{9,36,31}}] JOB 1595 granted

[{{2026,7,6},{9,36,31}}] JOB 1592 granted

[{{2026,7,6},{9,36,31}}] JOB 1593 granted

[{{2026,7,6},{9,36,31}}] JOB 1594 granted

[{{2026,7,6},{9,36,31}}] JOB 1591 granted

[{{2026,7,6},{9,36,32}}] JOB 1602 granted

[{{2026,7,6},{9,36,32}}] JOB 1601 granted

[{{2026,7,6},{9,36,32}}] JOB 1600 granted

[{{2026,7,6},{9,36,32}}] JOB 1599 granted

[{{2026,7,6},{9,36,32}}] JOB 1598 granted

[{{2026,7,6},{9,36,34}}] JOB 1604 granted

[{{2026,7,6},{9,36,34}}] JOB 1603 granted

[{{2026,7,6},{9,36,35}}] JOB 1605 granted

[{{2026,7,6},{9,36,39}}] JOB 1608 granted

[{{2026,7,6},{9,36,39}}] JOB 1606 granted

[{{2026,7,6},{9,36,41}}] JOB 1609 granted

[{{2026,7,6},{9,36,42}}] JOB 1610 granted

[{{2026,7,6},{9,36,44}}] JOB 1611 granted

[{{2026,7,6},{9,36,44}}] JOB 1607 granted

[{{2026,7,6},{9,36,46}}] JOB 1612 granted

[{{2026,7,6},{9,36,47}}] JOB 1613 granted

[{{2026,7,6},{9,36,48}}] JOB 1614 granted

[{{2026,7,6},{9,36,50}}] JOB 1615 granted

[{{2026,7,6},{9,36,52}}] JOB 1616 granted

[{{2026,7,6},{9,36,53}}] JOB 1617 granted

[{{2026,7,6},{9,36,54}}] JOB 1618 granted

[{{2026,7,6},{9,36,56}}] JOB 1619 granted

[{{2026,7,6},{9,37,7}}] JOB 1620 granted

[{{2026,7,6},{9,37,25}}] JOB 1622 granted

[{{2026,7,6},{9,37,25}}] JOB 1621 granted

[{{2026,7,6},{9,37,25}}] JOB 1623 granted

[{{2026,7,6},{9,37,33}}] JOB 1624 timeout

[{{2026,7,6},{9,37,34}}] JOB 1624 granted

[{{2026,7,6},{9,37,38}}] JOB 1625 timeout

[{{2026,7,6},{9,37,38}}] JOB 1626 timeout

[{{2026,7,6},{9,37,38}}] JOB 1627 timeout

[{{2026,7,6},{9,37,43}}] JOB 1628 timeout

[{{2026,7,6},{9,37,43}}] JOB 1629 timeout

[{{2026,7,6},{9,37,43}}] JOB 1630 timeout

[{{2026,7,6},{9,37,44}}] JOB 1625 granted

[{{2026,7,6},{9,37,48}}] JOB 1631 timeout

[{{2026,7,6},{9,37,48}}] JOB 1632 timeout

[{{2026,7,6},{9,37,48}}] JOB 1633 timeout

[{{2026,7,6},{9,37,48}}] JOB 1634 timeout

[{{2026,7,6},{9,37,53}}] JOB 1635 timeout

[{{2026,7,6},{9,37,53}}] JOB 1636 timeout

[{{2026,7,6},{9,37,53}}] JOB 1637 timeout

[{{2026,7,6},{9,37,57}}] JOB 1628 granted

[{{2026,7,6},{9,37,57}}] JOB 1627 granted

[{{2026,7,6},{9,37,57}}] JOB 1626 granted

[{{2026,7,6},{9,37,58}}] JOB 1638 timeout

[{{2026,7,6},{9,37,58}}] JOB 1639 timeout

[{{2026,7,6},{9,37,58}}] JOB 1640 timeout

[{{2026,7,6},{9,37,58}}] JOB 1640 timeout

[{{2026,7,6},{9,38,3}}] JOB 1641 timeout

[{{2026,7,6},{9,38,3}}] JOB 1642 timeout

[{{2026,7,6},{9,38,3}}] JOB 1643 timeout

[{{2026,7,6},{9,38,3}}] JOB 1644 timeout

[{{2026,7,6},{9,38,3}}] JOB 1630 granted

[{{2026,7,6},{9,38,3}}] JOB 1629 granted

[{{2026,7,6},{9,38,3}}] JOB 1644 timeout

[{{2026,7,6},{9,38,8}}] JOB 1645 timeout

[{{2026,7,6},{9,38,8}}] JOB 1646 timeout

[{{2026,7,6},{9,38,8}}] JOB 1647 timeout

[{{2026,7,6},{9,38,8}}] JOB 1645 timeout

[{{2026,7,6},{9,38,9}}] JOB 1646 timeout

[{{2026,7,6},{9,38,10}}] JOB 1647 timeout

[{{2026,7,6},{9,38,13}}] JOB 1648 timeout

[{{2026,7,6},{9,38,13}}] JOB 1649 timeout

[{{2026,7,6},{9,38,13}}] JOB 1650 timeout

[{{2026,7,6},{9,38,14}}] JOB 1648 timeout

[{{2026,7,6},{9,38,15}}] JOB 1649 timeout

[{{2026,7,6},{9,38,17}}] JOB 1650 timeout

[{{2026,7,6},{9,38,17}}] JOB 1632 granted

[{{2026,7,6},{9,38,17}}] JOB 1631 granted

[{{2026,7,6},{9,38,18}}] JOB 1633 timeout

[{{2026,7,6},{9,38,18}}] JOB 1651 timeout

[{{2026,7,6},{9,38,18}}] JOB 1652 timeout

[{{2026,7,6},{9,38,18}}] JOB 1653 timeout

[{{2026,7,6},{9,38,18}}] JOB 1654 timeout

[{{2026,7,6},{9,38,19}}] JOB "all_jobs_cancelled" connection_closed

