[{{2026,6,27},{14,55,44}}] --- COORDINATOR STARTED on port 4200 --- 

[{{2026,6,27},{14,55,44}}] JOB 1001 granted

[{{2026,6,27},{14,55,46}}] JOB 1002 granted

[{{2026,6,27},{14,56,4}}] JOB 1013 granted

[{{2026,6,27},{14,56,4}}] JOB 1012 granted

[{{2026,6,27},{14,56,4}}] JOB 1008 granted

[{{2026,6,27},{14,56,4}}] JOB 1007 granted

[{{2026,6,27},{14,56,4}}] JOB 1011 granted

[{{2026,6,27},{14,56,5}}] JOB 1004 granted

[{{2026,6,27},{14,56,6}}] JOB 1015 granted

[{{2026,6,27},{14,56,7}}] JOB 1016 granted

[{{2026,6,27},{14,56,8}}] JOB 1010 granted

[{{2026,6,27},{15,48,41}}] --- COORDINATOR STARTED on port 4200 --- 

[{{2026,6,27},{15,48,41}}] JOB 1001 granted

[{{2026,6,27},{15,48,46}}] JOB 1002 granted

[{{2026,6,27},{15,49,4}}] JOB 1005 granted

[{{2026,6,27},{15,49,4}}] JOB 1004 granted

[{{2026,6,27},{15,49,4}}] JOB 1003 granted

[{{2026,6,27},{15,49,6}}] JOB 1017 granted

[{{2026,6,27},{15,49,6}}] JOB 1016 granted

[{{2026,6,27},{15,49,6}}] JOB 1014 granted

[{{2026,6,27},{15,49,6}}] JOB 1013 granted

[{{2026,6,27},{15,49,6}}] JOB 1010 granted

[{{2026,6,27},{15,49,6}}] JOB 1011 granted

[{{2026,6,27},{15,49,6}}] JOB 1015 granted

[{{2026,6,27},{15,49,6}}] JOB 1008 granted

[{{2026,6,27},{15,49,6}}] JOB 1007 granted

[{{2026,6,27},{15,49,6}}] JOB 1006 granted

[{{2026,6,27},{15,49,8}}] JOB 1012 granted

[{{2026,6,27},{15,49,10}}] JOB 1020 granted

[{{2026,6,27},{15,49,12}}] JOB 1021 granted

[{{2026,6,27},{15,49,15}}] JOB 1023 granted

[{{2026,6,27},{15,49,16}}] JOB 1024 denied

[{{2026,6,27},{15,49,21}}] JOB "all_jobs_cancelled" connection_closed

[{{2026,6,27},{16,1,23}}] --- COORDINATOR STARTED on port 4200 --- 

[{{2026,6,27},{16,1,23}}] JOB 1001 granted

[{{2026,6,27},{16,1,24}}] JOB 1002 granted

[{{2026,6,27},{16,1,27}}] JOB 1004 granted

[{{2026,6,27},{16,1,37}}] JOB 1003 granted

[{{2026,6,27},{16,1,37}}] JOB 1005 granted

[{{2026,6,27},{16,1,51}}] JOB 1008 granted

[{{2026,6,27},{16,1,51}}] JOB 1007 granted

[{{2026,6,27},{16,1,51}}] JOB 1006 granted

[{{2026,6,27},{16,1,53}}] JOB 1021 granted

[{{2026,6,27},{16,1,55}}] JOB 1009 granted

[{{2026,6,27},{16,2,2}}] JOB 1025 granted

[{{2026,6,27},{16,2,2}}] JOB 1023 granted

[{{2026,6,27},{16,2,2}}] JOB 1022 granted

[{{2026,6,27},{16,2,2}}] JOB 1020 granted

[{{2026,6,27},{16,2,2}}] JOB 1019 granted

[{{2026,6,27},{16,2,2}}] JOB 1018 granted

[{{2026,6,27},{16,2,2}}] JOB 1012 granted

[{{2026,6,27},{16,2,2}}] JOB 1017 granted

[{{2026,6,27},{16,2,2}}] JOB 1016 granted

[{{2026,6,27},{16,2,2}}] JOB 1013 granted

[{{2026,6,27},{16,2,2}}] JOB 1015 granted

[{{2026,6,27},{16,2,2}}] JOB 1011 granted

[{{2026,6,27},{16,2,2}}] JOB 1014 granted

[{{2026,6,27},{16,2,2}}] JOB 1010 granted

[{{2026,6,27},{16,2,6}}] JOB 1024 granted

[{{2026,6,27},{16,2,6}}] JOB 1028 granted

[{{2026,6,27},{16,2,6}}] JOB 1030 granted

[{{2026,6,27},{16,2,7}}] JOB 1031 granted

[{{2026,6,27},{16,2,11}}] JOB 1033 granted

[{{2026,6,27},{16,2,11}}] JOB 1032 granted

[{{2026,6,27},{16,2,13}}] JOB 1035 granted

[{{2026,6,27},{16,2,15}}] JOB 1036 granted

[{{2026,6,27},{16,2,16}}] JOB 1034 granted

[{{2026,6,27},{16,2,17}}] JOB 1037 granted

[{{2026,6,27},{16,2,18}}] JOB 1038 granted

[{{2026,6,27},{16,2,23}}] JOB 1041 granted

[{{2026,6,27},{16,2,23}}] JOB 1026 granted

[{{2026,6,27},{16,2,24}}] JOB 1042 granted

[{{2026,6,27},{16,2,26}}] JOB 1043 granted

[{{2026,6,27},{16,2,27}}] JOB 1044 granted

[{{2026,6,27},{16,2,28}}] JOB 1045 granted

[{{2026,6,27},{16,2,30}}] JOB 1046 granted

[{{2026,6,27},{16,2,31}}] JOB 1027 timeout

[{{2026,6,27},{16,2,31}}] JOB 1047 granted

[{{2026,6,27},{16,2,34}}] JOB 1049 granted

[{{2026,6,27},{16,2,36}}] JOB 1029 timeout

[{{2026,6,27},{16,2,36}}] JOB 1039 granted

[{{2026,6,27},{16,2,37}}] JOB 1027 granted

[{{2026,6,27},{16,2,37}}] JOB 1051 granted

[{{2026,6,27},{16,2,42}}] JOB 1029 granted

[{{2026,6,27},{16,2,42}}] JOB 1040 granted

[{{2026,6,27},{16,2,44}}] JOB 1048 granted

[{{2026,6,27},{16,2,44}}] JOB 1050 granted

[{{2026,6,27},{16,2,45}}] JOB 1056 granted

[{{2026,6,27},{16,2,45}}] JOB 1055 granted

[{{2026,6,27},{16,2,45}}] JOB 1053 granted

[{{2026,6,27},{16,2,45}}] JOB 1054 granted

[{{2026,6,27},{16,2,45}}] JOB 1052 granted

[{{2026,6,27},{16,2,46}}] JOB 1057 granted

[{{2026,6,27},{16,2,48}}] JOB 1058 granted

[{{2026,6,27},{16,2,49}}] JOB 1059 granted

[{{2026,6,27},{16,2,52}}] JOB 1061 granted

[{{2026,6,27},{16,2,53}}] JOB 1060 granted

[{{2026,6,27},{16,2,55}}] JOB 1062 granted

[{{2026,6,27},{16,3,1}}] JOB 1066 granted

[{{2026,6,27},{16,3,1}}] JOB 1065 granted

[{{2026,6,27},{16,3,1}}] JOB 1064 granted

[{{2026,6,27},{16,3,1}}] JOB 1063 granted

[{{2026,6,27},{16,3,4}}] JOB 1068 granted

[{{2026,6,27},{16,3,4}}] JOB 1067 granted

[{{2026,6,27},{16,3,7}}] JOB 1071 granted

[{{2026,6,27},{16,3,10}}] JOB 1073 granted

[{{2026,6,27},{16,3,12}}] JOB 1074 granted

[{{2026,6,27},{16,3,18}}] JOB 1078 granted

[{{2026,6,27},{16,3,19}}] JOB 1070 granted

[{{2026,6,27},{16,3,19}}] JOB 1079 granted

[{{2026,6,27},{16,3,21}}] JOB 1072 granted

[{{2026,6,27},{16,3,21}}] JOB "all_jobs_cancelled" connection_closed

[{{2026,6,27},{22,21,13}}] --- COORDINATOR STARTED on port 4200 --- 

[{{2026,6,27},{22,21,29}}] --- COORDINATOR STARTED on port 4200 --- 

[{{2026,6,27},{22,21,33}}] --- COORDINATOR STARTED on port 4200 --- 

[{{2026,6,27},{22,21,34}}] --- COORDINATOR STARTED on port 4200 --- 

[{{2026,6,27},{22,21,35}}] --- COORDINATOR STARTED on port 4200 --- 

[{{2026,6,27},{22,35,29}}] --- COORDINATOR STARTED on port 4200 --- 

[{{2026,6,27},{22,35,41}}] JOB "all_jobs_cancelled" connection_closed

[{{2026,6,27},{22,38,23}}] --- COORDINATOR STARTED on port 4200 --- 

[{{2026,6,27},{22,38,23}}] JOB 1001 granted

[{{2026,6,27},{22,38,25}}] JOB 1002 granted

[{{2026,6,27},{22,38,33}}] JOB 1005 granted

[{{2026,6,27},{22,38,33}}] JOB 1003 granted

[{{2026,6,27},{22,38,35}}] JOB 1009 granted

[{{2026,6,27},{22,38,42}}] JOB 1013 granted

[{{2026,6,27},{22,38,42}}] JOB 1010 granted

[{{2026,6,27},{22,38,43}}] JOB 1014 granted

[{{2026,6,27},{22,38,45}}] JOB 1015 granted

[{{2026,6,27},{22,38,52}}] JOB 1016 granted

[{{2026,6,27},{22,38,54}}] JOB 1019 granted

[{{2026,6,27},{22,38,55}}] JOB 1018 granted

[{{2026,6,27},{22,38,55}}] JOB 1006 granted

[{{2026,6,27},{22,38,55}}] JOB 1004 granted

[{{2026,6,27},{22,38,58}}] JOB 1022 granted

[{{2026,6,27},{22,38,58}}] JOB 1008 granted

[{{2026,6,27},{22,38,58}}] JOB 1011 granted

[{{2026,6,27},{22,38,58}}] JOB 1007 granted

[{{2026,6,27},{22,38,59}}] JOB 1024 granted

[{{2026,6,27},{22,39,0}}] JOB 1025 granted

[{{2026,6,27},{22,39,2}}] JOB 1026 granted

[{{2026,6,27},{22,39,3}}] JOB 1027 granted

[{{2026,6,27},{22,39,4}}] JOB 1012 granted

[{{2026,6,27},{22,39,5}}] JOB 1028 granted

[{{2026,6,27},{22,39,6}}] JOB 1029 granted

[{{2026,6,27},{22,39,8}}] JOB 1030 granted

[{{2026,6,27},{22,39,9}}] JOB 1017 granted

[{{2026,6,27},{22,39,9}}] JOB 1023 granted

[{{2026,6,27},{22,39,9}}] JOB 1020 granted

[{{2026,6,27},{22,39,9}}] JOB 1031 granted

[{{2026,6,27},{22,39,13}}] JOB 1021 granted

[{{2026,6,27},{23,5,41}}] --- COORDINATOR STARTED on port 4200 --- 

[{{2026,6,27},{23,14,29}}] --- COORDINATOR STARTED on port 4200 --- 

[{{2026,6,27},{23,14,29}}] JOB 1001 granted

[{{2026,6,27},{23,14,30}}] JOB 1002 granted

[{{2026,6,27},{23,14,41}}] JOB 1008 granted

[{{2026,6,27},{23,14,43}}] JOB "all_jobs_cancelled" connection_closed

[{{2026,7,7},{12,36,58}}] --- COORDINATOR STARTED on port 4200 --- 

[{{2026,7,7},{12,36,58}}] JOB 1001 granted

[{{2026,7,7},{12,37,8}}] JOB 1008 granted

[{{2026,7,7},{12,37,13}}] JOB 1011 granted

[{{2026,7,7},{12,37,17}}] JOB 1013 granted

[{{2026,7,7},{12,37,17}}] JOB 1002 granted

[{{2026,7,7},{12,37,17}}] JOB 1014 granted

[{{2026,7,7},{12,37,19}}] JOB 1015 granted

[{{2026,7,7},{12,37,27}}] JOB 1016 granted

[{{2026,7,7},{12,37,33}}] JOB 1003 timeout

[{{2026,7,7},{12,37,33}}] JOB 1004 timeout

[{{2026,7,7},{12,37,38}}] JOB 1005 timeout

[{{2026,7,7},{12,37,38}}] JOB 1006 timeout

[{{2026,7,7},{12,37,38}}] JOB 1007 timeout

[{{2026,7,7},{12,37,43}}] JOB 1009 timeout

[{{2026,7,7},{12,37,43}}] JOB 1010 timeout

[{{2026,7,7},{12,37,43}}] JOB 1010 timeout

[{{2026,7,7},{12,37,48}}] JOB 1012 timeout

[{{2026,7,7},{12,38,0}}] JOB 1017 timeout

[{{2026,7,7},{12,38,0}}] JOB 1018 timeout

[{{2026,7,7},{12,38,0}}] JOB 1019 timeout

[{{2026,7,7},{12,38,0}}] JOB 1020 timeout

[{{2026,7,7},{12,38,0}}] JOB 1021 timeout

[{{2026,7,7},{12,38,5}}] JOB 1024 timeout

[{{2026,7,7},{12,38,5}}] JOB 1003 timeout

[{{2026,7,7},{12,38,5}}] JOB 1004 timeout

[{{2026,7,7},{12,38,5}}] JOB 1022 timeout

[{{2026,7,7},{12,38,5}}] JOB 1023 timeout

[{{2026,7,7},{12,38,5}}] JOB 1023 timeout

[{{2026,7,7},{12,38,5}}] JOB 1003 timeout

[{{2026,7,7},{12,38,5}}] JOB 1004 timeout

[{{2026,7,7},{12,38,10}}] JOB 1025 timeout

[{{2026,7,7},{12,38,10}}] JOB 1026 timeout

[{{2026,7,7},{12,38,10}}] JOB 1027 timeout

[{{2026,7,7},{12,38,10}}] JOB 1028 timeout

[{{2026,7,7},{12,38,10}}] JOB 1005 timeout

[{{2026,7,7},{12,38,10}}] JOB 1006 timeout

[{{2026,7,7},{12,38,10}}] JOB 1007 timeout

[{{2026,7,7},{12,38,12}}] JOB 1025 timeout

[{{2026,7,7},{12,38,13}}] JOB 1026 timeout

[{{2026,7,7},{12,38,13}}] JOB 1005 timeout

[{{2026,7,7},{12,38,13}}] JOB 1006 timeout

[{{2026,7,7},{12,38,13}}] JOB 1007 timeout

[{{2026,7,7},{12,38,15}}] JOB 1029 timeout

[{{2026,7,7},{12,38,15}}] JOB 1030 timeout

[{{2026,7,7},{12,38,15}}] JOB 1009 timeout

[{{2026,7,7},{12,38,15}}] JOB 1010 timeout

[{{2026,7,7},{12,38,15}}] JOB 1010 timeout

[{{2026,7,7},{12,38,15}}] JOB 1029 timeout

[{{2026,7,7},{12,38,20}}] JOB 1009 timeout

[{{2026,7,7},{12,38,20}}] JOB 1010 timeout

[{{2026,7,7},{12,38,20}}] JOB 1030 timeout

[{{2026,7,7},{12,38,20}}] JOB 1031 timeout

[{{2026,7,7},{12,38,20}}] JOB 1032 timeout

[{{2026,7,7},{12,38,20}}] JOB 1012 timeout

[{{2026,7,7},{12,38,25}}] JOB 1031 timeout

[{{2026,7,7},{12,38,25}}] JOB 1032 timeout

[{{2026,7,7},{12,38,25}}] JOB 1033 timeout

[{{2026,7,7},{12,38,25}}] JOB 1034 timeout

[{{2026,7,7},{12,38,25}}] JOB 1035 timeout

[{{2026,7,7},{12,38,25}}] JOB 1012 timeout

[{{2026,7,7},{12,38,32}}] JOB 1033 timeout

[{{2026,7,7},{12,38,32}}] JOB 1034 timeout

[{{2026,7,7},{12,38,32}}] JOB 1036 timeout

[{{2026,7,7},{12,38,32}}] JOB 1017 timeout

[{{2026,7,7},{12,38,32}}] JOB 1018 timeout

[{{2026,7,7},{12,38,37}}] JOB 1036 timeout

[{{2026,7,7},{12,38,37}}] JOB 1017 timeout

[{{2026,7,7},{12,38,37}}] JOB 1018 timeout

[{{2026,7,7},{12,38,37}}] JOB 1024 timeout

[{{2026,7,7},{12,38,37}}] JOB 1037 timeout

[{{2026,7,7},{12,38,37}}] JOB 1038 timeout

[{{2026,7,7},{12,38,37}}] JOB 1019 timeout

[{{2026,7,7},{12,38,37}}] JOB 1020 timeout

[{{2026,7,7},{12,38,37}}] JOB 1021 timeout

[{{2026,7,7},{12,38,37}}] JOB 1037 timeout

[{{2026,7,7},{12,38,37}}] JOB 1019 timeout

[{{2026,7,7},{12,38,37}}] JOB "all_jobs_cancelled" connection_closed

[{{2026,7,7},{13,20,46}}] --- COORDINATOR STARTED on port 4200 --- 

[{{2026,7,7},{13,21,3}}] --- COORDINATOR STARTED on port 4200 --- 

[{{2026,7,7},{13,21,30}}] --- COORDINATOR STARTED on port 4200 --- 

[{{2026,7,7},{13,21,56}}] JOB "all_jobs_cancelled" connection_closed

[{{2026,7,7},{13,21,56}}] JOB "all_jobs_cancelled" connection_closed

[{{2026,7,7},{13,21,56}}] JOB "all_jobs_cancelled" connection_closed

[{{2026,7,7},{13,22,10}}] --- COORDINATOR STARTED on port 4200 --- 

[{{2026,7,7},{13,22,10}}] JOB 1001 granted

[{{2026,7,7},{13,22,17}}] JOB "all_jobs_cancelled" connection_closed

[{{2026,7,7},{13,26,33}}] --- COORDINATOR STARTED on port 4200 --- 

[{{2026,7,7},{13,26,33}}] JOB 1001 granted

[{{2026,7,7},{13,26,34}}] JOB 1002 granted

[{{2026,7,7},{13,26,48}}] JOB 1003 granted

[{{2026,7,7},{13,26,48}}] JOB 1004 granted

[{{2026,7,7},{13,27,6}}] JOB 1005 granted

[{{2026,7,7},{13,27,13}}] JOB 1006 timeout

[{{2026,7,7},{13,27,13}}] JOB 1007 timeout

[{{2026,7,7},{13,27,13}}] JOB 1008 timeout

[{{2026,7,7},{13,27,18}}] JOB 1009 timeout

[{{2026,7,7},{13,27,18}}] JOB 1010 timeout

[{{2026,7,7},{13,27,18}}] JOB 1011 timeout

[{{2026,7,7},{13,27,23}}] JOB 1012 timeout

[{{2026,7,7},{13,27,23}}] JOB 1013 timeout

[{{2026,7,7},{13,27,23}}] JOB 1014 timeout

[{{2026,7,7},{13,27,25}}] JOB 1011 granted

[{{2026,7,7},{13,27,25}}] JOB 1010 granted

[{{2026,7,7},{13,27,25}}] JOB 1008 granted

[{{2026,7,7},{13,27,28}}] JOB 1015 timeout

[{{2026,7,7},{13,27,28}}] JOB 1016 timeout

[{{2026,7,7},{13,27,36}}] JOB 1017 timeout

[{{2026,7,7},{13,27,36}}] JOB 1018 timeout

[{{2026,7,7},{13,27,36}}] JOB 1019 timeout

[{{2026,7,7},{13,27,36}}] JOB 1020 timeout

[{{2026,7,7},{13,27,36}}] JOB 1021 timeout

[{{2026,7,7},{13,27,40}}] JOB 1017 granted

[{{2026,7,7},{13,27,40}}] JOB 1015 granted

[{{2026,7,7},{13,27,40}}] JOB 1016 granted

[{{2026,7,7},{13,27,40}}] JOB 1009 granted

[{{2026,7,7},{13,27,40}}] JOB 1014 granted

[{{2026,7,7},{13,27,41}}] JOB 1024 timeout

[{{2026,7,7},{13,27,41}}] JOB 1025 timeout

[{{2026,7,7},{13,27,41}}] JOB 1022 timeout

[{{2026,7,7},{13,27,41}}] JOB 1023 timeout

[{{2026,7,7},{13,27,45}}] JOB 1018 granted

[{{2026,7,7},{13,27,45}}] JOB 1020 granted

[{{2026,7,7},{13,27,45}}] JOB 1013 granted

[{{2026,7,7},{13,27,45}}] JOB 1019 granted

[{{2026,7,7},{13,27,46}}] JOB 1030 denied

[{{2026,7,7},{13,27,46}}] JOB 1026 timeout

[{{2026,7,7},{13,27,46}}] JOB 1027 timeout

[{{2026,7,7},{13,27,46}}] JOB 1028 timeout

[{{2026,7,7},{13,27,46}}] JOB 1006 timeout

[{{2026,7,7},{13,27,46}}] JOB 1007 timeout

[{{2026,7,7},{13,27,46}}] JOB 1026 timeout

[{{2026,7,7},{13,27,46}}] JOB 1025 granted

[{{2026,7,7},{13,27,47}}] JOB 1006 timeout

[{{2026,7,7},{13,27,47}}] JOB 1007 timeout

[{{2026,7,7},{13,27,51}}] JOB 1029 timeout

[{{2026,7,7},{13,27,51}}] JOB 1031 timeout

[{{2026,7,7},{13,27,51}}] JOB 1032 timeout

[{{2026,7,7},{13,27,56}}] JOB 1029 timeout

[{{2026,7,7},{13,27,56}}] JOB 1033 timeout

[{{2026,7,7},{13,27,56}}] JOB 1034 timeout

[{{2026,7,7},{13,27,56}}] JOB 1035 timeout

[{{2026,7,7},{13,27,56}}] JOB 1012 timeout

[{{2026,7,7},{13,28,0}}] JOB 1033 timeout

[{{2026,7,7},{13,28,0}}] JOB 1012 timeout

[{{2026,7,7},{13,28,1}}] JOB 1036 timeout

[{{2026,7,7},{13,28,1}}] JOB 1037 timeout

[{{2026,7,7},{13,28,2}}] JOB 1027 denied

[{{2026,7,7},{13,28,6}}] JOB 1036 timeout

[{{2026,7,7},{13,28,8}}] JOB 1038 timeout

[{{2026,7,7},{13,28,8}}] JOB 1039 timeout

[{{2026,7,7},{13,28,8}}] JOB 1027 timeout

[{{2026,7,7},{13,28,13}}] JOB 1038 timeout

[{{2026,7,7},{13,28,13}}] JOB 1024 timeout

[{{2026,7,7},{13,28,13}}] JOB 1040 timeout

[{{2026,7,7},{13,28,13}}] JOB 1021 timeout

[{{2026,7,7},{13,28,13}}] JOB 1022 timeout

[{{2026,7,7},{13,28,13}}] JOB 1039 timeout

[{{2026,7,7},{13,28,13}}] JOB 1021 timeout

[{{2026,7,7},{13,28,17}}] JOB 1040 timeout

[{{2026,7,7},{13,28,17}}] JOB 1024 timeout

[{{2026,7,7},{13,28,17}}] JOB 1022 timeout

[{{2026,7,7},{13,28,18}}] JOB 1026 timeout

[{{2026,7,7},{13,28,18}}] JOB 1041 timeout

[{{2026,7,7},{13,28,18}}] JOB 1023 timeout

[{{2026,7,7},{13,28,23}}] JOB 1026 timeout

[{{2026,7,7},{13,28,23}}] JOB 1028 timeout

[{{2026,7,7},{13,28,23}}] JOB 1006 timeout

[{{2026,7,7},{13,28,23}}] JOB 1006 timeout

[{{2026,7,7},{13,28,23}}] JOB 1007 timeout

[{{2026,7,7},{13,28,23}}] JOB 1007 timeout

[{{2026,7,7},{13,28,23}}] JOB 1041 timeout

[{{2026,7,7},{13,28,23}}] JOB 1028 timeout

[{{2026,7,7},{13,28,23}}] JOB 1026 timeout

[{{2026,7,7},{13,28,28}}] JOB 1006 timeout

[{{2026,7,7},{13,28,28}}] JOB 1007 timeout

[{{2026,7,7},{13,28,28}}] JOB 1029 timeout

[{{2026,7,7},{13,28,28}}] JOB 1031 timeout

[{{2026,7,7},{13,28,28}}] JOB 1032 timeout

[{{2026,7,7},{13,28,28}}] JOB 1042 timeout

[{{2026,7,7},{13,28,28}}] JOB 1029 granted

[{{2026,7,7},{13,28,32}}] JOB 1029 granted

[{{2026,7,7},{13,28,33}}] JOB 1033 timeout

[{{2026,7,7},{13,28,33}}] JOB 1034 timeout

[{{2026,7,7},{13,28,33}}] JOB 1035 timeout

[{{2026,7,7},{13,28,33}}] JOB 1012 timeout

[{{2026,7,7},{13,28,33}}] JOB 1035 timeout

[{{2026,7,7},{13,28,33}}] JOB 1034 timeout

[{{2026,7,7},{13,28,41}}] JOB 1033 timeout

[{{2026,7,7},{13,28,41}}] JOB 1043 timeout

[{{2026,7,7},{13,28,41}}] JOB 1012 timeout

[{{2026,7,7},{13,28,41}}] JOB 1043 timeout

[{{2026,7,7},{13,28,41}}] JOB 1033 timeout

[{{2026,7,7},{13,28,41}}] JOB 1012 timeout

[{{2026,7,7},{13,28,46}}] JOB 1036 timeout

[{{2026,7,7},{13,28,46}}] JOB 1036 timeout

[{{2026,7,7},{13,28,46}}] JOB 1037 timeout

[{{2026,7,7},{13,28,46}}] JOB 1038 timeout

[{{2026,7,7},{13,28,46}}] JOB 1039 timeout

[{{2026,7,7},{13,28,51}}] JOB 1024 timeout

[{{2026,7,7},{13,28,51}}] JOB 1038 timeout

[{{2026,7,7},{13,28,51}}] JOB 1039 timeout

[{{2026,7,7},{13,28,51}}] JOB 1040 timeout

[{{2026,7,7},{13,28,51}}] JOB 1044 timeout

[{{2026,7,7},{13,28,51}}] JOB 1021 timeout

[{{2026,7,7},{13,28,51}}] JOB 1021 timeout

[{{2026,7,7},{13,28,51}}] JOB 1022 timeout

[{{2026,7,7},{13,28,51}}] JOB 1044 timeout

[{{2026,7,7},{13,28,51}}] JOB "all_jobs_cancelled" connection_closed

[{{2026,7,7},{13,32,12}}] --- COORDINATOR STARTED on port 4200 --- 

[{{2026,7,7},{13,34,6}}] --- COORDINATOR STARTED on port 4200 --- 

[{{2026,7,7},{13,34,6}}] JOB 1001 granted

[{{2026,7,7},{13,34,9}}] JOB 1003 granted

[{{2026,7,7},{13,34,12}}] JOB 1005 granted

[{{2026,7,7},{13,34,17}}] JOB 1006 granted

[{{2026,7,7},{13,34,31}}] JOB 1002 granted

[{{2026,7,7},{13,34,31}}] JOB 1012 granted

[{{2026,7,7},{13,34,31}}] JOB 1009 granted

[{{2026,7,7},{13,34,31}}] JOB 1008 granted

[{{2026,7,7},{13,34,31}}] JOB 1010 granted

[{{2026,7,7},{13,34,31}}] JOB 1007 granted

[{{2026,7,7},{13,34,31}}] JOB 1011 granted

[{{2026,7,7},{13,34,42}}] JOB 1004 timeout

[{{2026,7,7},{13,34,48}}] JOB 1017 granted

[{{2026,7,7},{13,34,48}}] JOB 1015 granted

[{{2026,7,7},{13,34,48}}] JOB 1014 granted

[{{2026,7,7},{13,34,48}}] JOB 1013 granted

[{{2026,7,7},{13,34,48}}] JOB 1004 granted

[{{2026,7,7},{13,34,51}}] JOB 1020 granted

[{{2026,7,7},{13,34,51}}] JOB 1019 granted

[{{2026,7,7},{13,34,51}}] JOB 1018 granted

[{{2026,7,7},{13,34,51}}] JOB 1016 granted

[{{2026,7,7},{13,34,51}}] JOB 1022 granted

[{{2026,7,7},{13,34,51}}] JOB 1023 granted

[{{2026,7,7},{13,34,51}}] JOB 1021 granted

[{{2026,7,7},{13,34,51}}] JOB 1024 denied

[{{2026,7,7},{13,35,2}}] JOB 1025 granted

[{{2026,7,7},{13,35,5}}] JOB 1026 granted

[{{2026,7,7},{13,35,7}}] JOB 1039 denied

[{{2026,7,7},{13,35,19}}] JOB 1027 timeout

[{{2026,7,7},{13,35,19}}] JOB 1028 timeout

[{{2026,7,7},{13,35,24}}] JOB 1029 timeout

[{{2026,7,7},{13,35,24}}] JOB 1030 timeout

[{{2026,7,7},{13,35,24}}] JOB 1031 timeout

[{{2026,7,7},{13,35,24}}] JOB 1032 timeout

[{{2026,7,7},{13,35,29}}] JOB 1033 timeout

[{{2026,7,7},{13,35,29}}] JOB 1034 timeout

[{{2026,7,7},{13,35,29}}] JOB 1035 timeout

[{{2026,7,7},{13,35,29}}] JOB 1027 granted

[{{2026,7,7},{13,35,36}}] JOB 1036 timeout

[{{2026,7,7},{13,35,36}}] JOB 1037 timeout

[{{2026,7,7},{13,35,36}}] JOB 1038 timeout

[{{2026,7,7},{13,35,38}}] JOB 1028 granted

[{{2026,7,7},{13,35,41}}] JOB 1040 timeout

[{{2026,7,7},{13,35,41}}] JOB 1041 timeout

[{{2026,7,7},{13,35,41}}] JOB 1040 timeout

[{{2026,7,7},{13,35,46}}] JOB 1042 timeout

[{{2026,7,7},{13,35,46}}] JOB 1043 timeout

[{{2026,7,7},{13,35,46}}] JOB 1044 timeout

[{{2026,7,7},{13,35,46}}] JOB 1045 timeout

[{{2026,7,7},{13,35,46}}] JOB 1042 timeout

[{{2026,7,7},{13,35,47}}] JOB 1043 timeout

[{{2026,7,7},{13,35,51}}] JOB 1046 timeout

[{{2026,7,7},{13,35,51}}] JOB 1047 timeout

[{{2026,7,7},{13,35,51}}] JOB 1048 timeout

[{{2026,7,7},{13,35,54}}] JOB 1046 timeout

[{{2026,7,7},{13,35,56}}] JOB 1047 timeout

[{{2026,7,7},{13,35,56}}] JOB 1029 timeout

[{{2026,7,7},{13,35,56}}] JOB 1030 timeout

[{{2026,7,7},{13,35,56}}] JOB 1031 timeout

[{{2026,7,7},{13,35,56}}] JOB 1032 timeout

[{{2026,7,7},{13,35,56}}] JOB 1049 timeout

[{{2026,7,7},{13,35,57}}] JOB 1050 timeout

[{{2026,7,7},{13,35,57}}] JOB 1050 timeout

[{{2026,7,7},{13,35,58}}] JOB 1029 timeout

[{{2026,7,7},{13,35,58}}] JOB 1030 timeout

[{{2026,7,7},{13,35,58}}] JOB 1031 timeout

[{{2026,7,7},{13,35,59}}] JOB 1032 timeout

[{{2026,7,7},{13,36,1}}] JOB 1033 timeout

[{{2026,7,7},{13,36,1}}] JOB 1034 timeout

[{{2026,7,7},{13,36,1}}] JOB 1035 timeout

[{{2026,7,7},{13,36,1}}] JOB 1051 timeout

[{{2026,7,7},{13,36,1}}] JOB 1052 timeout

[{{2026,7,7},{13,36,6}}] JOB 1051 timeout

[{{2026,7,7},{13,36,6}}] JOB 1033 timeout

[{{2026,7,7},{13,36,6}}] JOB 1034 timeout

[{{2026,7,7},{13,36,6}}] JOB 1035 timeout

[{{2026,7,7},{13,36,6}}] JOB 1052 timeout

[{{2026,7,7},{13,36,6}}] JOB 1053 timeout

[{{2026,7,7},{13,36,14}}] JOB 1036 timeout

[{{2026,7,7},{13,36,14}}] JOB 1037 timeout

[{{2026,7,7},{13,36,14}}] JOB 1038 timeout

[{{2026,7,7},{13,36,14}}] JOB 1054 timeout

[{{2026,7,7},{13,36,14}}] JOB 1053 timeout

[{{2026,7,7},{13,36,14}}] JOB 1036 timeout

[{{2026,7,7},{13,36,14}}] JOB 1037 timeout

[{{2026,7,7},{13,36,14}}] JOB 1038 timeout

[{{2026,7,7},{13,36,19}}] JOB 1054 timeout

[{{2026,7,7},{13,36,19}}] JOB 1040 timeout

[{{2026,7,7},{13,36,19}}] JOB 1040 timeout

[{{2026,7,7},{13,36,19}}] JOB 1041 timeout

[{{2026,7,7},{13,36,24}}] JOB 1042 timeout

[{{2026,7,7},{13,36,24}}] JOB 1042 timeout

[{{2026,7,7},{13,36,24}}] JOB 1043 timeout

[{{2026,7,7},{13,36,24}}] JOB 1043 timeout

[{{2026,7,7},{13,36,24}}] JOB 1044 timeout

[{{2026,7,7},{13,36,24}}] JOB 1045 timeout

[{{2026,7,7},{13,36,24}}] JOB 1055 timeout

[{{2026,7,7},{13,36,29}}] JOB 1044 timeout

[{{2026,7,7},{13,36,29}}] JOB 1055 timeout

[{{2026,7,7},{13,36,29}}] JOB 1045 timeout

[{{2026,7,7},{13,36,29}}] JOB 1042 timeout

[{{2026,7,7},{13,36,29}}] JOB 1043 timeout

[{{2026,7,7},{13,36,29}}] JOB 1046 timeout

[{{2026,7,7},{13,36,29}}] JOB 1046 timeout

[{{2026,7,7},{13,36,29}}] JOB 1047 timeout

[{{2026,7,7},{13,36,29}}] JOB 1047 timeout

[{{2026,7,7},{13,36,29}}] JOB 1048 timeout

[{{2026,7,7},{13,36,29}}] JOB 1056 timeout

[{{2026,7,7},{13,36,29}}] JOB "all_jobs_cancelled" connection_closed

[{{2026,7,7},{13,46,5}}] --- COORDINATOR STARTED on port 4200 --- 

[{{2026,7,7},{13,46,5}}] JOB 1001 granted

[{{2026,7,7},{13,46,22}}] JOB 1006 granted

[{{2026,7,7},{13,46,22}}] JOB 1005 granted

[{{2026,7,7},{13,46,22}}] JOB 1004 granted

[{{2026,7,7},{13,46,22}}] JOB 1003 granted

[{{2026,7,7},{13,46,22}}] JOB 1002 granted

[{{2026,7,7},{13,46,24}}] JOB 1007 granted

[{{2026,7,7},{13,46,29}}] JOB 1011 granted

[{{2026,7,7},{13,46,29}}] JOB 1010 granted

[{{2026,7,7},{13,46,29}}] JOB 1009 granted

[{{2026,7,7},{13,46,29}}] JOB 1008 granted

[{{2026,7,7},{13,46,34}}] JOB 1015 granted

[{{2026,7,7},{13,46,34}}] JOB 1017 granted

[{{2026,7,7},{13,46,34}}] JOB 1012 granted

[{{2026,7,7},{13,46,36}}] JOB 1020 granted

[{{2026,7,7},{13,46,42}}] JOB 1024 granted

[{{2026,7,7},{13,46,42}}] JOB 1013 granted

[{{2026,7,7},{13,46,54}}] JOB 1032 granted

[{{2026,7,7},{13,46,57}}] JOB 1034 granted

[{{2026,7,7},{13,46,58}}] JOB 1016 granted

[{{2026,7,7},{13,46,58}}] JOB 1014 granted

[{{2026,7,7},{13,46,59}}] JOB 1036 granted

[{{2026,7,7},{13,47,1}}] JOB 1037 granted

[{{2026,7,7},{13,47,5}}] JOB 1018 timeout

[{{2026,7,7},{13,47,5}}] JOB 1019 timeout

[{{2026,7,7},{13,47,6}}] JOB 1021 granted

[{{2026,7,7},{13,47,6}}] JOB 1038 granted

[{{2026,7,7},{13,47,10}}] JOB 1022 timeout

[{{2026,7,7},{13,47,10}}] JOB 1023 timeout

[{{2026,7,7},{13,47,15}}] JOB 1025 timeout

[{{2026,7,7},{13,47,15}}] JOB 1026 timeout

[{{2026,7,7},{13,47,20}}] JOB 1027 timeout

[{{2026,7,7},{13,47,20}}] JOB 1028 timeout

[{{2026,7,7},{13,47,20}}] JOB 1029 timeout

[{{2026,7,7},{13,47,25}}] JOB 1041 granted

[{{2026,7,7},{13,47,25}}] JOB 1040 granted

[{{2026,7,7},{13,47,25}}] JOB 1039 granted

[{{2026,7,7},{13,47,25}}] JOB 1030 timeout

[{{2026,7,7},{13,47,25}}] JOB 1031 timeout

[{{2026,7,7},{13,47,25}}] JOB 1033 timeout

[{{2026,7,7},{13,47,28}}] JOB 1042 granted

[{{2026,7,7},{13,47,30}}] JOB 1035 timeout

[{{2026,7,7},{13,47,35}}] JOB 1018 timeout

[{{2026,7,7},{13,47,35}}] JOB 1019 timeout

[{{2026,7,7},{13,47,35}}] JOB 1025 denied

[{{2026,7,7},{13,47,39}}] JOB 1022 granted

[{{2026,7,7},{13,47,39}}] JOB 1044 granted

[{{2026,7,7},{13,47,39}}] JOB 1043 granted

[{{2026,7,7},{13,47,41}}] JOB 1023 granted

[{{2026,7,7},{13,47,47}}] JOB 1026 timeout

[{{2026,7,7},{13,47,47}}] JOB 1045 timeout

[{{2026,7,7},{13,47,47}}] JOB 1046 timeout

[{{2026,7,7},{13,47,47}}] JOB 1026 timeout

[{{2026,7,7},{13,47,52}}] JOB 1045 granted

[{{2026,7,7},{13,47,52}}] JOB 1027 timeout

[{{2026,7,7},{13,47,52}}] JOB 1028 timeout

[{{2026,7,7},{13,47,52}}] JOB 1029 timeout

[{{2026,7,7},{13,47,52}}] JOB 1047 timeout

[{{2026,7,7},{13,47,52}}] JOB 1048 timeout

[{{2026,7,7},{13,47,52}}] JOB 1049 timeout

[{{2026,7,7},{13,47,52}}] JOB 1029 timeout

[{{2026,7,7},{13,47,52}}] JOB 1028 timeout

[{{2026,7,7},{13,47,57}}] JOB 1050 granted

[{{2026,7,7},{13,47,57}}] JOB 1049 granted

[{{2026,7,7},{13,47,57}}] JOB 1030 timeout

[{{2026,7,7},{13,47,57}}] JOB 1031 timeout

[{{2026,7,7},{13,47,57}}] JOB 1033 timeout

[{{2026,7,7},{13,47,57}}] JOB 1050 granted

[{{2026,7,7},{13,47,57}}] JOB 1030 timeout

[{{2026,7,7},{13,47,57}}] JOB 1031 timeout

[{{2026,7,7},{13,47,57}}] JOB 1033 timeout

[{{2026,7,7},{13,48,2}}] JOB 1035 timeout

[{{2026,7,7},{13,48,2}}] JOB 1051 timeout

[{{2026,7,7},{13,48,2}}] JOB 1052 timeout

[{{2026,7,7},{13,48,2}}] JOB 1052 timeout

[{{2026,7,7},{13,48,2}}] JOB 1035 timeout

[{{2026,7,7},{13,48,7}}] JOB 1053 timeout

[{{2026,7,7},{13,48,7}}] JOB 1054 timeout

[{{2026,7,7},{13,48,7}}] JOB 1018 timeout

[{{2026,7,7},{13,48,15}}] JOB 1055 timeout

[{{2026,7,7},{13,48,15}}] JOB 1019 timeout

[{{2026,7,7},{13,48,15}}] JOB 1055 timeout

[{{2026,7,7},{13,48,15}}] JOB 1052 granted

[{{2026,7,7},{13,48,15}}] JOB 1053 granted

[{{2026,7,7},{13,48,15}}] JOB 1054 granted

[{{2026,7,7},{13,48,20}}] JOB 1026 timeout

[{{2026,7,7},{13,48,20}}] JOB 1026 timeout

[{{2026,7,7},{13,48,20}}] JOB 1046 timeout

[{{2026,7,7},{13,48,20}}] JOB 1056 timeout

[{{2026,7,7},{13,48,20}}] JOB 1028 denied

[{{2026,7,7},{13,48,20}}] JOB 1056 timeout

[{{2026,7,7},{13,48,20}}] JOB 1046 timeout

[{{2026,7,7},{13,48,20}}] JOB 1026 timeout

[{{2026,7,7},{13,48,25}}] JOB 1027 timeout

[{{2026,7,7},{13,48,25}}] JOB 1029 timeout

[{{2026,7,7},{13,48,25}}] JOB 1047 timeout

[{{2026,7,7},{13,48,25}}] JOB 1048 timeout

[{{2026,7,7},{13,48,25}}] JOB 1057 timeout

[{{2026,7,7},{13,48,25}}] JOB 1057 timeout

[{{2026,7,7},{13,48,25}}] JOB 1027 timeout

[{{2026,7,7},{13,48,25}}] JOB 1047 timeout

[{{2026,7,7},{13,48,26}}] JOB 1048 timeout

[{{2026,7,7},{13,48,30}}] JOB 1028 timeout

[{{2026,7,7},{13,48,30}}] JOB 1029 timeout

[{{2026,7,7},{13,48,30}}] JOB 1030 timeout

[{{2026,7,7},{13,48,30}}] JOB 1031 timeout

[{{2026,7,7},{13,48,30}}] JOB 1058 timeout

[{{2026,7,7},{13,48,34}}] JOB 1058 timeout

[{{2026,7,7},{13,48,35}}] JOB 1030 timeout

[{{2026,7,7},{13,48,35}}] JOB 1031 timeout

[{{2026,7,7},{13,48,35}}] JOB 1033 timeout

[{{2026,7,7},{13,48,35}}] JOB 1033 timeout

[{{2026,7,7},{13,48,35}}] JOB 1059 timeout

[{{2026,7,7},{13,48,35}}] JOB 1027 denied

[{{2026,7,7},{13,48,35}}] JOB 1047 granted

[{{2026,7,7},{13,48,35}}] JOB 1055 denied

[{{2026,7,7},{13,48,35}}] JOB 1046 granted

[{{2026,7,7},{13,48,35}}] JOB 1057 granted

[{{2026,7,7},{13,48,39}}] JOB 1064 denied

[{{2026,7,7},{13,48,40}}] JOB 1035 timeout

[{{2026,7,7},{13,48,40}}] JOB 1035 timeout

[{{2026,7,7},{13,48,40}}] JOB 1051 timeout

[{{2026,7,7},{13,48,40}}] JOB 1052 timeout

